Archive member included to satisfy reference by file (symbol)

F0DiscoveryDir/libSTM32F0DiscoveryLib.a(stm32f0_discovery.c.obj)
                              CMakeFiles/barometer.elf.dir/main.cpp.obj (STM_EVAL_LEDInit)
STM32CMSIS/libCMSISFIRMWARE.a(system_stm32f0xx.c.obj)
                              CMakeFiles/barometer.elf.dir/MS5611.cpp.obj (SystemCoreClock)
STM32CMSIS/libCMSISFIRMWARE.a(startup_stm32f0xx.s.obj)
                              (Reset_Handler)
STM32_StdPeriph_Driver/libF0StdPerifDriver.a(stm32f0xx_exti.c.obj)
                              F0DiscoveryDir/libSTM32F0DiscoveryLib.a(stm32f0_discovery.c.obj) (EXTI_Init)
STM32_StdPeriph_Driver/libF0StdPerifDriver.a(stm32f0xx_gpio.c.obj)
                              CMakeFiles/barometer.elf.dir/usart.cpp.obj (GPIO_Init)
STM32_StdPeriph_Driver/libF0StdPerifDriver.a(stm32f0xx_i2c.c.obj)
                              CMakeFiles/barometer.elf.dir/MS5611.cpp.obj (I2C_Init)
STM32_StdPeriph_Driver/libF0StdPerifDriver.a(stm32f0xx_misc.c.obj)
                              F0DiscoveryDir/libSTM32F0DiscoveryLib.a(stm32f0_discovery.c.obj) (NVIC_Init)
STM32_StdPeriph_Driver/libF0StdPerifDriver.a(stm32f0xx_rcc.c.obj)
                              CMakeFiles/barometer.elf.dir/MS5611.cpp.obj (RCC_I2CCLKConfig)
STM32_StdPeriph_Driver/libF0StdPerifDriver.a(stm32f0xx_syscfg.c.obj)
                              F0DiscoveryDir/libSTM32F0DiscoveryLib.a(stm32f0_discovery.c.obj) (SYSCFG_EXTILineConfig)
STM32_StdPeriph_Driver/libF0StdPerifDriver.a(stm32f0xx_usart.c.obj)
                              CMakeFiles/barometer.elf.dir/usart.cpp.obj (USART_Init)
c:/program files (x86)/gnu tools arm embedded/5.4 2016q2/bin/../lib/gcc/arm-none-eabi/5.4.1/../../../../arm-none-eabi/lib/armv6-m\libm.a(lib_a-w_pow.o)
                              CMakeFiles/barometer.elf.dir/MS5611.cpp.obj (pow)
c:/program files (x86)/gnu tools arm embedded/5.4 2016q2/bin/../lib/gcc/arm-none-eabi/5.4.1/../../../../arm-none-eabi/lib/armv6-m\libm.a(lib_a-e_pow.o)
                              c:/program files (x86)/gnu tools arm embedded/5.4 2016q2/bin/../lib/gcc/arm-none-eabi/5.4.1/../../../../arm-none-eabi/lib/armv6-m\libm.a(lib_a-w_pow.o) (__ieee754_pow)
c:/program files (x86)/gnu tools arm embedded/5.4 2016q2/bin/../lib/gcc/arm-none-eabi/5.4.1/../../../../arm-none-eabi/lib/armv6-m\libm.a(lib_a-e_sqrt.o)
                              c:/program files (x86)/gnu tools arm embedded/5.4 2016q2/bin/../lib/gcc/arm-none-eabi/5.4.1/../../../../arm-none-eabi/lib/armv6-m\libm.a(lib_a-e_pow.o) (__ieee754_sqrt)
c:/program files (x86)/gnu tools arm embedded/5.4 2016q2/bin/../lib/gcc/arm-none-eabi/5.4.1/../../../../arm-none-eabi/lib/armv6-m\libm.a(lib_a-s_fabs.o)
                              c:/program files (x86)/gnu tools arm embedded/5.4 2016q2/bin/../lib/gcc/arm-none-eabi/5.4.1/../../../../arm-none-eabi/lib/armv6-m\libm.a(lib_a-e_pow.o) (fabs)
c:/program files (x86)/gnu tools arm embedded/5.4 2016q2/bin/../lib/gcc/arm-none-eabi/5.4.1/../../../../arm-none-eabi/lib/armv6-m\libm.a(lib_a-s_finite.o)
                              c:/program files (x86)/gnu tools arm embedded/5.4 2016q2/bin/../lib/gcc/arm-none-eabi/5.4.1/../../../../arm-none-eabi/lib/armv6-m\libm.a(lib_a-w_pow.o) (finite)
c:/program files (x86)/gnu tools arm embedded/5.4 2016q2/bin/../lib/gcc/arm-none-eabi/5.4.1/../../../../arm-none-eabi/lib/armv6-m\libm.a(lib_a-s_lib_ver.o)
                              c:/program files (x86)/gnu tools arm embedded/5.4 2016q2/bin/../lib/gcc/arm-none-eabi/5.4.1/../../../../arm-none-eabi/lib/armv6-m\libm.a(lib_a-w_pow.o) (__fdlib_version)
c:/program files (x86)/gnu tools arm embedded/5.4 2016q2/bin/../lib/gcc/arm-none-eabi/5.4.1/../../../../arm-none-eabi/lib/armv6-m\libm.a(lib_a-s_matherr.o)
                              c:/program files (x86)/gnu tools arm embedded/5.4 2016q2/bin/../lib/gcc/arm-none-eabi/5.4.1/../../../../arm-none-eabi/lib/armv6-m\libm.a(lib_a-w_pow.o) (matherr)
c:/program files (x86)/gnu tools arm embedded/5.4 2016q2/bin/../lib/gcc/arm-none-eabi/5.4.1/../../../../arm-none-eabi/lib/armv6-m\libm.a(lib_a-s_nan.o)
                              c:/program files (x86)/gnu tools arm embedded/5.4 2016q2/bin/../lib/gcc/arm-none-eabi/5.4.1/../../../../arm-none-eabi/lib/armv6-m\libm.a(lib_a-e_pow.o) (nan)
c:/program files (x86)/gnu tools arm embedded/5.4 2016q2/bin/../lib/gcc/arm-none-eabi/5.4.1/../../../../arm-none-eabi/lib/armv6-m\libm.a(lib_a-s_rint.o)
                              c:/program files (x86)/gnu tools arm embedded/5.4 2016q2/bin/../lib/gcc/arm-none-eabi/5.4.1/../../../../arm-none-eabi/lib/armv6-m\libm.a(lib_a-w_pow.o) (rint)
c:/program files (x86)/gnu tools arm embedded/5.4 2016q2/bin/../lib/gcc/arm-none-eabi/5.4.1/../../../../arm-none-eabi/lib/armv6-m\libm.a(lib_a-s_scalbn.o)
                              c:/program files (x86)/gnu tools arm embedded/5.4 2016q2/bin/../lib/gcc/arm-none-eabi/5.4.1/../../../../arm-none-eabi/lib/armv6-m\libm.a(lib_a-e_pow.o) (scalbn)
[...]
Memory Configuration

Name             Origin             Length             Attributes
SRAM             0x20000000         0x00002000         xrw
FLASH            0x08000000         0x00010000         xr
*default*        0x00000000         0xffffffff

Linker script and memory map

LOAD CMakeFiles/barometer.elf.dir/main.cpp.obj
LOAD CMakeFiles/barometer.elf.dir/usart.cpp.obj
LOAD CMakeFiles/barometer.elf.dir/MS5611.cpp.obj
LOAD CMakeFiles/barometer.elf.dir/C_/Users/Jamie/Documents/GitHub/kookaburra/Drivers/Barometer/gemeenschappelijk/basis/stm32f0/syscalls_cm0.c.obj
LOAD CMakeFiles/barometer.elf.dir/stm32f0xx_it.c.obj
LOAD F0DiscoveryDir/libSTM32F0DiscoveryLib.a
LOAD STM32CMSIS/libCMSISFIRMWARE.a
LOAD STM32_StdPeriph_Driver/libF0StdPerifDriver.a
LOAD c:/program files (x86)/gnu tools arm embedded/5.4 2016q2/bin/../lib/gcc/arm-none-eabi/5.4.1/../../../../arm-none-eabi/lib/armv6-m\libstdc++_nano.a
LOAD c:/program files (x86)/gnu tools arm embedded/5.4 2016q2/bin/../lib/gcc/arm-none-eabi/5.4.1/../../../../arm-none-eabi/lib/armv6-m\libm.a
START GROUP
LOAD c:/program files (x86)/gnu tools arm embedded/5.4 2016q2/bin/../lib/gcc/arm-none-eabi/5.4.1/armv6-m\libgcc.a
LOAD c:/program files (x86)/gnu tools arm embedded/5.4 2016q2/bin/../lib/gcc/arm-none-eabi/5.4.1/../../../../arm-none-eabi/lib/armv6-m\libc_nano.a
END GROUP
START GROUP
LOAD c:/program files (x86)/gnu tools arm embedded/5.4 2016q2/bin/../lib/gcc/arm-none-eabi/5.4.1/armv6-m\libgcc.a
LOAD c:/program files (x86)/gnu tools arm embedded/5.4 2016q2/bin/../lib/gcc/arm-none-eabi/5.4.1/../../../../arm-none-eabi/lib/armv6-m\libc_nano.a
END GROUP
                0x20002000                _estack = (ORIGIN (SRAM) + LENGTH (SRAM))
                0x20002000                __TOP_STACK = (ORIGIN (SRAM) + LENGTH (SRAM))
                0x00000096                _Minimum_Stack_Size = 0x96
                0x00000001                ASSERT ((ORIGIN (FLASH) == ALIGN (ORIGIN (FLASH), 0x80)), Start of memory region flash not aligned for startup vector table)

.text           0x08000000     0x5db4
                0x08000000                . = ALIGN (0x80)
                0x00000000                _isr_vector_offs = (. - 0x8000000)
 *(.isr_vector)
 .isr_vector    0x08000000       0xc4 STM32CMSIS/libCMSISFIRMWARE.a(startup_stm32f0xx.s.obj)
                0x08000000                g_pfnVectors
                0x080000c4                . = ALIGN (0x4)
 CREATE_OBJECT_SYMBOLS
 *(.text .text.* .gnu.linkonce.t.*)
 .text._Z5delaym
                0x080000c4       0x18 CMakeFiles/barometer.elf.dir/main.cpp.obj
                0x080000c4                delay(unsigned long)
 .text.startup.main
                0x080000dc       0x9c CMakeFiles/barometer.elf.dir/main.cpp.obj
                0x080000dc                main
 .text.TimingDelay_Decrement
                0x08000178       0x14 CMakeFiles/barometer.elf.dir/main.cpp.obj
                0x08000178                TimingDelay_Decrement
 .text._ZN7USART_14initEv
                0x0800018c       0x90 CMakeFiles/barometer.elf.dir/usart.cpp.obj
                0x0800018c                USART_1::init()
 .text._ZN7USART_14putsEPKc
                0x0800021c       0x40 CMakeFiles/barometer.elf.dir/usart.cpp.obj
                0x0800021c                USART_1::puts(char const*)
 .text._ZN7USART_1lsEPKc
                0x0800025c        0x8 CMakeFiles/barometer.elf.dir/usart.cpp.obj
                0x0800025c                USART_1::operator<<(char const*)
 .text._ZN7USART_1lsEm
                0x08000264       0x1c CMakeFiles/barometer.elf.dir/usart.cpp.obj
                0x08000264                USART_1::operator<<(unsigned long)
 .text._ZN6MS5611C2Ev
                0x08000280        0xa CMakeFiles/barometer.elf.dir/MS5611.cpp.obj
                0x08000280                MS5611::MS5611()
                0x08000280                MS5611::MS5611()
 *fill*         0x0800028a        0x2 
 .text._ZN6MS56119calculateEv
                0x0800028c      0x218 CMakeFiles/barometer.elf.dir/MS5611.cpp.obj
                0x0800028c                MS5611::calculate()
 .text._ZN6MS561110toAltitudeEv
                0x080004a4       0x60 CMakeFiles/barometer.elf.dir/MS5611.cpp.obj
                0x080004a4                MS5611::toAltitude()
 .text._ZN6MS561114waitForI2CFlagEm
                0x08000504       0x48 CMakeFiles/barometer.elf.dir/MS5611.cpp.obj
                0x08000504                MS5611::waitForI2CFlag(unsigned long)
 .text._ZN6MS56118readPROMEv
                0x0800054c       0xc4 CMakeFiles/barometer.elf.dir/MS5611.cpp.obj
                0x0800054c                MS5611::readPROM()
 .text._ZN6MS561118refreshTemperatureEv
                0x08000610       0x48 CMakeFiles/barometer.elf.dir/MS5611.cpp.obj
                0x08000610                MS5611::refreshTemperature()
 .text._ZN6MS561115readTemperatureEv
                0x08000658       0xb4 CMakeFiles/barometer.elf.dir/MS5611.cpp.obj
                0x08000658                MS5611::readTemperature()
 .text._ZN6MS561115refreshPressureEv
                0x0800070c       0x48 CMakeFiles/barometer.elf.dir/MS5611.cpp.obj
                0x0800070c                MS5611::refreshPressure()
 .text._ZN6MS561112readPressureEv
                0x08000754       0xb4 CMakeFiles/barometer.elf.dir/MS5611.cpp.obj
                0x08000754                MS5611::readPressure()
 .text._ZN6MS56115delayEi
                0x08000808       0x16 CMakeFiles/barometer.elf.dir/MS5611.cpp.obj
                0x08000808                MS5611::delay(int)
 *fill*         0x0800081e        0x2 
 .text._ZN6MS56116updateEv
                0x08000820       0x4c CMakeFiles/barometer.elf.dir/MS5611.cpp.obj
                0x08000820                MS5611::update()
 .text._ZN6MS561111getAltitudeEv
                0x0800086c       0x16 CMakeFiles/barometer.elf.dir/MS5611.cpp.obj
                0x0800086c                MS5611::getAltitude()
 .text._ZN6MS56117set_QFEEv
                0x08000882       0x12 CMakeFiles/barometer.elf.dir/MS5611.cpp.obj
                0x08000882                MS5611::set_QFE()
 .text._ZN6MS561110initializeEv
                0x08000894       0xa0 CMakeFiles/barometer.elf.dir/MS5611.cpp.obj
                0x08000894                MS5611::initialize()
 .text._kill    0x08000934       0x10 CMakeFiles/barometer.elf.dir/C_/Users/Jamie/Documents/GitHub/kookaburra/Drivers/Barometer/gemeenschappelijk/basis/stm32f0/syscalls_cm0.c.obj
                0x08000934                _kill
 .text._exit    0x08000944        0x2 CMakeFiles/barometer.elf.dir/C_/Users/Jamie/Documents/GitHub/kookaburra/Drivers/Barometer/gemeenschappelijk/basis/stm32f0/syscalls_cm0.c.obj
                0x08000944                _exit
 .text._getpid  0x08000946        0x4 CMakeFiles/barometer.elf.dir/C_/Users/Jamie/Documents/GitHub/kookaburra/Drivers/Barometer/gemeenschappelijk/basis/stm32f0/syscalls_cm0.c.obj
                0x08000946                _getpid
 .text.NMI_Handler
                0x0800094a        0x2 CMakeFiles/barometer.elf.dir/stm32f0xx_it.c.obj
                0x0800094a                NMI_Handler
 .text.HardFault_Handler
                0x0800094c        0x2 CMakeFiles/barometer.elf.dir/stm32f0xx_it.c.obj
                0x0800094c                HardFault_Handler
 .text.SVC_Handler
                0x0800094e        0x2 CMakeFiles/barometer.elf.dir/stm32f0xx_it.c.obj
                0x0800094e                SVC_Handler
 .text.PendSV_Handler
                0x08000950        0x2 CMakeFiles/barometer.elf.dir/stm32f0xx_it.c.obj
                0x08000950                PendSV_Handler
 .text.SysTick_Handler
                0x08000952        0x8 CMakeFiles/barometer.elf.dir/stm32f0xx_it.c.obj
                0x08000952                SysTick_Handler
 *fill*         0x0800095a        0x2 
 .text.STM_EVAL_LEDInit
                0x0800095c       0x40 F0DiscoveryDir/libSTM32F0DiscoveryLib.a(stm32f0_discovery.c.obj)
                0x0800095c                STM_EVAL_LEDInit
 .text.SystemInit
                0x0800099c       0xf8 STM32CMSIS/libCMSISFIRMWARE.a(system_stm32f0xx.c.obj)
                0x0800099c                SystemInit
 .text.Reset_Handler
                0x08000a94       0x44 STM32CMSIS/libCMSISFIRMWARE.a(startup_stm32f0xx.s.obj)
                0x08000a94                Reset_Handler
 .text.Default_Handler
                0x08000ad8        0x2 STM32CMSIS/libCMSISFIRMWARE.a(startup_stm32f0xx.s.obj)
                0x08000ad8                TIM1_CC_IRQHandler
                0x08000ad8                ADC1_COMP_IRQHandler
                0x08000ad8                PVD_IRQHandler
                0x08000ad8                I2C1_IRQHandler
                0x08000ad8                SPI1_IRQHandler
                0x08000ad8                TIM6_DAC_IRQHandler
                0x08000ad8                EXTI2_3_IRQHandler
                0x08000ad8                I2C2_IRQHandler
                0x08000ad8                TIM17_IRQHandler
                0x08000ad8                RTC_IRQHandler
                0x08000ad8                TIM16_IRQHandler
                0x08000ad8                TIM3_IRQHandler
                0x08000ad8                EXTI4_15_IRQHandler
                0x08000ad8                RCC_IRQHandler
                0x08000ad8                DMA1_Channel1_IRQHandler
                0x08000ad8                Default_Handler
                0x08000ad8                CEC_IRQHandler
                0x08000ad8                TIM14_IRQHandler
                0x08000ad8                DMA1_Channel4_5_IRQHandler
                0x08000ad8                TIM15_IRQHandler
                0x08000ad8                EXTI0_1_IRQHandler
                0x08000ad8                SPI2_IRQHandler
                0x08000ad8                TS_IRQHandler
                0x08000ad8                WWDG_IRQHandler
                0x08000ad8                TIM2_IRQHandler
                0x08000ad8                DMA1_Channel2_3_IRQHandler
                0x08000ad8                USART2_IRQHandler
                0x08000ad8                FLASH_IRQHandler
                0x08000ad8                USART1_IRQHandler
                0x08000ad8                TIM1_BRK_UP_TRG_COM_IRQHandler
 .text.GPIO_Init
                0x08000ada       0x76 STM32_StdPeriph_Driver/libF0StdPerifDriver.a(stm32f0xx_gpio.c.obj)
                0x08000ada                GPIO_Init
 .text.GPIO_StructInit
                0x08000b50       0x18 STM32_StdPeriph_Driver/libF0StdPerifDriver.a(stm32f0xx_gpio.c.obj)
                0x08000b50                GPIO_StructInit
 .text.GPIO_PinAFConfig
                0x08000b68       0x22 STM32_StdPeriph_Driver/libF0StdPerifDriver.a(stm32f0xx_gpio.c.obj)
                0x08000b68                GPIO_PinAFConfig
 *fill*         0x08000b8a        0x2 
 .text.I2C_Init
                0x08000b8c       0x64 STM32_StdPeriph_Driver/libF0StdPerifDriver.a(stm32f0xx_i2c.c.obj)
                0x08000b8c                I2C_Init
 .text.I2C_StructInit
                0x08000bf0       0x16 STM32_StdPeriph_Driver/libF0StdPerifDriver.a(stm32f0xx_i2c.c.obj)
                0x08000bf0                I2C_StructInit
 .text.I2C_Cmd  0x08000c06       0x12 STM32_StdPeriph_Driver/libF0StdPerifDriver.a(stm32f0xx_i2c.c.obj)
                0x08000c06                I2C_Cmd
 .text.I2C_TransferHandling
                0x08000c18       0x24 STM32_StdPeriph_Driver/libF0StdPerifDriver.a(stm32f0xx_i2c.c.obj)
                0x08000c18                I2C_TransferHandling
 .text.I2C_SendData
                0x08000c3c        0x4 STM32_StdPeriph_Driver/libF0StdPerifDriver.a(stm32f0xx_i2c.c.obj)
                0x08000c3c                I2C_SendData
 .text.I2C_ReceiveData
                0x08000c40        0x6 STM32_StdPeriph_Driver/libF0StdPerifDriver.a(stm32f0xx_i2c.c.obj)
                0x08000c40                I2C_ReceiveData
 .text.I2C_GetFlagStatus
                0x08000c46        0xe STM32_StdPeriph_Driver/libF0StdPerifDriver.a(stm32f0xx_i2c.c.obj)
                0x08000c46                I2C_GetFlagStatus
 .text.I2C_ClearFlag
                0x08000c54        0x4 STM32_StdPeriph_Driver/libF0StdPerifDriver.a(stm32f0xx_i2c.c.obj)
                0x08000c54                I2C_ClearFlag
 .text.RCC_I2CCLKConfig
                0x08000c58       0x18 STM32_StdPeriph_Driver/libF0StdPerifDriver.a(stm32f0xx_rcc.c.obj)
                0x08000c58                RCC_I2CCLKConfig
 .text.RCC_GetClocksFreq
                0x08000c70       0xe0 STM32_StdPeriph_Driver/libF0StdPerifDriver.a(stm32f0xx_rcc.c.obj)
                0x08000c70                RCC_GetClocksFreq
 .text.RCC_AHBPeriphClockCmd
                0x08000d50       0x18 STM32_StdPeriph_Driver/libF0StdPerifDriver.a(stm32f0xx_rcc.c.obj)
                0x08000d50                RCC_AHBPeriphClockCmd
 .text.RCC_APB2PeriphClockCmd
                0x08000d68       0x18 STM32_StdPeriph_Driver/libF0StdPerifDriver.a(stm32f0xx_rcc.c.obj)
                0x08000d68                RCC_APB2PeriphClockCmd
 .text.RCC_APB1PeriphClockCmd
                0x08000d80       0x18 STM32_StdPeriph_Driver/libF0StdPerifDriver.a(stm32f0xx_rcc.c.obj)
                0x08000d80                RCC_APB1PeriphClockCmd
 .text.USART_Init
                0x08000d98       0xa0 STM32_StdPeriph_Driver/libF0StdPerifDriver.a(stm32f0xx_usart.c.obj)
                0x08000d98                USART_Init
 .text.USART_Cmd
                0x08000e38       0x12 STM32_StdPeriph_Driver/libF0StdPerifDriver.a(stm32f0xx_usart.c.obj)
                0x08000e38                USART_Cmd
 .text.USART_SendData
                0x08000e4a        0x8 STM32_StdPeriph_Driver/libF0StdPerifDriver.a(stm32f0xx_usart.c.obj)
                0x08000e4a                USART_SendData
 .text.USART_ITConfig
                0x08000e52       0x30 STM32_StdPeriph_Driver/libF0StdPerifDriver.a(stm32f0xx_usart.c.obj)
                0x08000e52                USART_ITConfig
 .text.USART_GetFlagStatus
                0x08000e82        0xe STM32_StdPeriph_Driver/libF0StdPerifDriver.a(stm32f0xx_usart.c.obj)
                0x08000e82                USART_GetFlagStatus
 .text.pow      0x08000e90      0x378 c:/program files (x86)/gnu tools arm embedded/5.4 2016q2/bin/../lib/gcc/arm-none-eabi/5.4.1/../../../../arm-none-eabi/lib/armv6-m\libm.a(lib_a-w_pow.o)
                0x08000e90                pow
 .text.__ieee754_pow
                0x08001208      0xa6c c:/program files (x86)/gnu tools arm embedded/5.4 2016q2/bin/../lib/gcc/arm-none-eabi/5.4.1/../../../../arm-none-eabi/lib/armv6-m\libm.a(lib_a-e_pow.o)
                0x08001208                __ieee754_pow
 .text.__ieee754_sqrt
                0x08001c74      0x1ec c:/program files (x86)/gnu tools arm embedded/5.4 2016q2/bin/../lib/gcc/arm-none-eabi/5.4.1/../../../../arm-none-eabi/lib/armv6-m\libm.a(lib_a-e_sqrt.o)
                0x08001c74                __ieee754_sqrt
 .text.fabs     0x08001e60        0x8 c:/program files (x86)/gnu tools arm embedded/5.4 2016q2/bin/../lib/gcc/arm-none-eabi/5.4.1/../../../../arm-none-eabi/lib/armv6-m\libm.a(lib_a-s_fabs.o)
                0x08001e60                fabs
 .text.finite   0x08001e68       0x14 c:/program files (x86)/gnu tools arm embedded/5.4 2016q2/bin/../lib/gcc/arm-none-eabi/5.4.1/../../../../arm-none-eabi/lib/armv6-m\libm.a(lib_a-s_finite.o)
                0x08001e68                finite
 .text.matherr  0x08001e7c        0x4 c:/program files (x86)/gnu tools arm embedded/5.4 2016q2/bin/../lib/gcc/arm-none-eabi/5.4.1/../../../../arm-none-eabi/lib/armv6-m\libm.a(lib_a-s_matherr.o)
                0x08001e7c                matherr
 .text.nan      0x08001e80        0xc c:/program files (x86)/gnu tools arm embedded/5.4 2016q2/bin/../lib/gcc/arm-none-eabi/5.4.1/../../../../arm-none-eabi/lib/armv6-m\libm.a(lib_a-s_nan.o)
                0x08001e80                nan
 .text.rint     0x08001e8c      0x144 c:/program files (x86)/gnu tools arm embedded/5.4 2016q2/bin/../lib/gcc/arm-none-eabi/5.4.1/../../../../arm-none-eabi/lib/armv6-m\libm.a(lib_a-s_rint.o)
                0x08001e8c                rint
 .text.scalbn   0x08001fd0       0xd0 c:/program files (x86)/gnu tools arm embedded/5.4 2016q2/bin/../lib/gcc/arm-none-eabi/5.4.1/../../../../arm-none-eabi/lib/armv6-m\libm.a(lib_a-s_scalbn.o)
                0x08001fd0                scalbn
 .text.copysign
                0x080020a0       0x10 c:/program files (x86)/gnu tools arm embedded/5.4 2016q2/bin/../lib/gcc/arm-none-eabi/5.4.1/../../../../arm-none-eabi/lib/armv6-m\libm.a(lib_a-s_copysign.o)
                0x080020a0                copysign
 .text          0x080020b0      0x114 c:/program files (x86)/gnu tools arm embedded/5.4 2016q2/bin/../lib/gcc/arm-none-eabi/5.4.1/armv6-m\libgcc.a(_udivsi3.o)
                0x080020b0                __aeabi_uidiv
                0x080020b0                __udivsi3
                0x080021bc                __aeabi_uidivmod
 .text          0x080021c4        0x4 c:/program files (x86)/gnu tools arm embedded/5.4 2016q2/bin/../lib/gcc/arm-none-eabi/5.4.1/armv6-m\libgcc.a(_dvmd_tls.o)
                0x080021c4                __aeabi_idiv0
                0x080021c4                __aeabi_ldiv0
 .text          0x080021c8       0x7c c:/program files (x86)/gnu tools arm embedded/5.4 2016q2/bin/../lib/gcc/arm-none-eabi/5.4.1/armv6-m\libgcc.a(_arm_cmpdf2.o)
                0x080021c8                __aeabi_cdrcmple
                0x080021d8                __aeabi_cdcmple
                0x080021d8                __aeabi_cdcmpeq
                0x080021e8                __aeabi_dcmpeq
                0x080021f4                __aeabi_dcmplt
                0x08002208                __aeabi_dcmple
                0x0800221c                __aeabi_dcmpgt
                0x08002230                __aeabi_dcmpge
 .text          0x08002244       0x74 c:/program files (x86)/gnu tools arm embedded/5.4 2016q2/bin/../lib/gcc/arm-none-eabi/5.4.1/armv6-m\libgcc.a(_arm_cmpsf2.o)
                0x08002244                __aeabi_cfrcmple
                0x0800224c                __aeabi_cfcmpeq
                0x0800224c                __aeabi_cfcmple
                0x0800225c                __aeabi_fcmpeq
                0x08002268                __aeabi_fcmplt
                0x0800227c                __aeabi_fcmple
                0x08002290                __aeabi_fcmpgt
                0x080022a4                __aeabi_fcmpge
 .text          0x080022b8       0x30 c:/program files (x86)/gnu tools arm embedded/5.4 2016q2/bin/../lib/gcc/arm-none-eabi/5.4.1/armv6-m\libgcc.a(_fixunssfsi.o)
                0x080022b8                __fixunssfsi
                0x080022b8                __aeabi_f2uiz
 .text          0x080022e8      0x2ec c:/program files (x86)/gnu tools arm embedded/5.4 2016q2/bin/../lib/gcc/arm-none-eabi/5.4.1/armv6-m\libgcc.a(addsf3.o)
                0x080022e8                __aeabi_fadd
 .text          0x080025d4      0x234 c:/program files (x86)/gnu tools arm embedded/5.4 2016q2/bin/../lib/gcc/arm-none-eabi/5.4.1/armv6-m\libgcc.a(divsf3.o)
                0x080025d4                __aeabi_fdiv
 .text          0x08002808       0x50 c:/program files (x86)/gnu tools arm embedded/5.4 2016q2/bin/../lib/gcc/arm-none-eabi/5.4.1/armv6-m\libgcc.a(eqsf2.o)
                0x08002808                __eqsf2
                0x08002808                __nesf2
 .text          0x08002858       0x88 c:/program files (x86)/gnu tools arm embedded/5.4 2016q2/bin/../lib/gcc/arm-none-eabi/5.4.1/armv6-m\libgcc.a(gesf2.o)
                0x08002858                __gesf2
                0x08002858                __gtsf2
 .text          0x080028e0       0x88 c:/program files (x86)/gnu tools arm embedded/5.4 2016q2/bin/../lib/gcc/arm-none-eabi/5.4.1/armv6-m\libgcc.a(lesf2.o)
                0x080028e0                __ltsf2
                0x080028e0                __lesf2
 .text          0x08002968      0x228 c:/program files (x86)/gnu tools arm embedded/5.4 2016q2/bin/../lib/gcc/arm-none-eabi/5.4.1/armv6-m\libgcc.a(mulsf3.o)
                0x08002968                __aeabi_fmul
 .text          0x08002b90      0x30c c:/program files (x86)/gnu tools arm embedded/5.4 2016q2/bin/../lib/gcc/arm-none-eabi/5.4.1/armv6-m\libgcc.a(subsf3.o)
                0x08002b90                __aeabi_fsub
 .text          0x08002e9c       0x44 c:/program files (x86)/gnu tools arm embedded/5.4 2016q2/bin/../lib/gcc/arm-none-eabi/5.4.1/armv6-m\libgcc.a(fixsfsi.o)
                0x08002e9c                __aeabi_f2iz
 .text          0x08002ee0       0x90 c:/program files (x86)/gnu tools arm embedded/5.4 2016q2/bin/../lib/gcc/arm-none-eabi/5.4.1/armv6-m\libgcc.a(floatsisf.o)
                0x08002ee0                __aeabi_i2f
 .text          0x08002f70       0x7c c:/program files (x86)/gnu tools arm embedded/5.4 2016q2/bin/../lib/gcc/arm-none-eabi/5.4.1/armv6-m\libgcc.a(floatunsisf.o)
                0x08002f70                __aeabi_ui2f
 .text          0x08002fec      0x658 c:/program files (x86)/gnu tools arm embedded/5.4 2016q2/bin/../lib/gcc/arm-none-eabi/5.4.1/armv6-m\libgcc.a(adddf3.o)
                0x08002fec                __aeabi_dadd
 .text          0x08003644      0x62c c:/program files (x86)/gnu tools arm embedded/5.4 2016q2/bin/../lib/gcc/arm-none-eabi/5.4.1/armv6-m\libgcc.a(divdf3.o)
                0x08003644                __aeabi_ddiv
 .text          0x08003c70       0x80 c:/program files (x86)/gnu tools arm embedded/5.4 2016q2/bin/../lib/gcc/arm-none-eabi/5.4.1/armv6-m\libgcc.a(eqdf2.o)
                0x08003c70                __nedf2
                0x08003c70                __eqdf2
 .text          0x08003cf0       0xc8 c:/program files (x86)/gnu tools arm embedded/5.4 2016q2/bin/../lib/gcc/arm-none-eabi/5.4.1/armv6-m\libgcc.a(gedf2.o)
                0x08003cf0                __gedf2
                0x08003cf0                __gtdf2
 .text          0x08003db8       0xd4 c:/program files (x86)/gnu tools arm embedded/5.4 2016q2/bin/../lib/gcc/arm-none-eabi/5.4.1/armv6-m\libgcc.a(ledf2.o)
                0x08003db8                __ledf2
                0x08003db8                __ltdf2
 .text          0x08003e8c      0x4f4 c:/program files (x86)/gnu tools arm embedded/5.4 2016q2/bin/../lib/gcc/arm-none-eabi/5.4.1/armv6-m\libgcc.a(muldf3.o)
                0x08003e8c                __aeabi_dmul
 .text          0x08004380      0x6a8 c:/program files (x86)/gnu tools arm embedded/5.4 2016q2/bin/../lib/gcc/arm-none-eabi/5.4.1/armv6-m\libgcc.a(subdf3.o)
                0x08004380                __aeabi_dsub
 .text          0x08004a28       0x40 c:/program files (x86)/gnu tools arm embedded/5.4 2016q2/bin/../lib/gcc/arm-none-eabi/5.4.1/armv6-m\libgcc.a(unorddf2.o)
                0x08004a28                __aeabi_dcmpun
 .text          0x08004a68       0x84 c:/program files (x86)/gnu tools arm embedded/5.4 2016q2/bin/../lib/gcc/arm-none-eabi/5.4.1/armv6-m\libgcc.a(floatsidf.o)
                0x08004a68                __aeabi_i2d
 .text          0x08004aec       0xa8 c:/program files (x86)/gnu tools arm embedded/5.4 2016q2/bin/../lib/gcc/arm-none-eabi/5.4.1/armv6-m\libgcc.a(extendsfdf2.o)
                0x08004aec                __aeabi_f2d
 .text          0x08004b94      0x118 c:/program files (x86)/gnu tools arm embedded/5.4 2016q2/bin/../lib/gcc/arm-none-eabi/5.4.1/armv6-m\libgcc.a(truncdfsf2.o)
                0x08004b94                __aeabi_d2f
 .text          0x08004cac      0xa3c c:/program files (x86)/gnu tools arm embedded/5.4 2016q2/bin/../lib/gcc/arm-none-eabi/5.4.1/armv6-m\libgcc.a(unwind-arm.o)
                0x08004f84                _Unwind_GetCFA
                0x08004f88                __gnu_Unwind_RaiseException
                0x08004fdc                __gnu_Unwind_ForcedUnwind
                0x08004ff0                __gnu_Unwind_Resume
                0x08005038                __gnu_Unwind_Resume_or_Rethrow
                0x08005054                _Unwind_Complete
                0x08005058                _Unwind_DeleteException
                0x08005068                _Unwind_VRS_Get
                0x080050b4                _Unwind_VRS_Set
                0x08005100                __gnu_Unwind_Backtrace
                0x08005460                __aeabi_unwind_cpp_pr0
                0x0800546c                __aeabi_unwind_cpp_pr1
                0x08005478                __aeabi_unwind_cpp_pr2
                0x08005484                _Unwind_VRS_Pop
 .text          0x080056e8      0x144 c:/program files (x86)/gnu tools arm embedded/5.4 2016q2/bin/../lib/gcc/arm-none-eabi/5.4.1/armv6-m\libgcc.a(libunwind.o)
                0x080056e8                __restore_core_regs
                0x080056e8                restore_core_regs
                0x08005714                __gnu_Unwind_Restore_VFP
                0x08005718                __gnu_Unwind_Save_VFP
                0x0800571c                __gnu_Unwind_Restore_VFP_D
                0x08005720                __gnu_Unwind_Save_VFP_D
                0x08005724                __gnu_Unwind_Restore_VFP_D_16_to_31
                0x08005728                __gnu_Unwind_Save_VFP_D_16_to_31
                0x0800572c                __gnu_Unwind_Restore_WMMXD
                0x08005730                __gnu_Unwind_Save_WMMXD
                0x08005734                __gnu_Unwind_Restore_WMMXC
                0x08005738                __gnu_Unwind_Save_WMMXC
                0x0800573c                ___Unwind_RaiseException
                0x0800573c                _Unwind_RaiseException
                0x0800576c                _Unwind_Resume
                0x0800576c                ___Unwind_Resume
                0x0800579c                _Unwind_Resume_or_Rethrow
                0x0800579c                ___Unwind_Resume_or_Rethrow
                0x080057cc                _Unwind_ForcedUnwind
                0x080057cc                ___Unwind_ForcedUnwind
                0x080057fc                ___Unwind_Backtrace
                0x080057fc                _Unwind_Backtrace
 .text          0x0800582c      0x3b0 c:/program files (x86)/gnu tools arm embedded/5.4 2016q2/bin/../lib/gcc/arm-none-eabi/5.4.1/armv6-m\libgcc.a(pr-support.o)
                0x08005880                __gnu_unwind_execute
                0x08005b84                __gnu_unwind_frame
                0x08005bac                _Unwind_GetRegionStart
                0x08005bb8                _Unwind_GetLanguageSpecificData
                0x08005bcc                _Unwind_GetTextRelBase
                0x08005bd4                _Unwind_GetDataRelBase
 .text          0x08005bdc       0x3c c:/program files (x86)/gnu tools arm embedded/5.4 2016q2/bin/../lib/gcc/arm-none-eabi/5.4.1/armv6-m\libgcc.a(_clzsi2.o)
                0x08005bdc                __clzsi2
 .text.abort    0x08005c18        0xe c:/program files (x86)/gnu tools arm embedded/5.4 2016q2/bin/../lib/gcc/arm-none-eabi/5.4.1/../../../../arm-none-eabi/lib/armv6-m\libc_nano.a(lib_a-abort.o)
                0x08005c18                abort
 *fill*         0x08005c26        0x2 
 .text.__errno  0x08005c28        0xc c:/program files (x86)/gnu tools arm embedded/5.4 2016q2/bin/../lib/gcc/arm-none-eabi/5.4.1/../../../../arm-none-eabi/lib/armv6-m\libc_nano.a(lib_a-errno.o)
                0x08005c28                __errno
 .text.__itoa   0x08005c34       0x2e c:/program files (x86)/gnu tools arm embedded/5.4 2016q2/bin/../lib/gcc/arm-none-eabi/5.4.1/../../../../arm-none-eabi/lib/armv6-m\libc_nano.a(lib_a-itoa.o)
                0x08005c34                __itoa
 .text.itoa     0x08005c62        0x8 c:/program files (x86)/gnu tools arm embedded/5.4 2016q2/bin/../lib/gcc/arm-none-eabi/5.4.1/../../../../arm-none-eabi/lib/armv6-m\libc_nano.a(lib_a-itoa.o)
                0x08005c62                itoa
 .text.memcpy   0x08005c6a       0x12 c:/program files (x86)/gnu tools arm embedded/5.4 2016q2/bin/../lib/gcc/arm-none-eabi/5.4.1/../../../../arm-none-eabi/lib/armv6-m\libc_nano.a(lib_a-memcpy-stub.o)
                0x08005c6a                memcpy
 .text._raise_r
                0x08005c7c       0x54 c:/program files (x86)/gnu tools arm embedded/5.4 2016q2/bin/../lib/gcc/arm-none-eabi/5.4.1/../../../../arm-none-eabi/lib/armv6-m\libc_nano.a(lib_a-signal.o)
                0x08005c7c                _raise_r
 .text.raise    0x08005cd0       0x14 c:/program files (x86)/gnu tools arm embedded/5.4 2016q2/bin/../lib/gcc/arm-none-eabi/5.4.1/../../../../arm-none-eabi/lib/armv6-m\libc_nano.a(lib_a-signal.o)
                0x08005cd0                raise
 .text._kill_r  0x08005ce4       0x24 c:/program files (x86)/gnu tools arm embedded/5.4 2016q2/bin/../lib/gcc/arm-none-eabi/5.4.1/../../../../arm-none-eabi/lib/armv6-m\libc_nano.a(lib_a-signalr.o)
                0x08005ce4                _kill_r
 .text._getpid_r
                0x08005d08        0x8 c:/program files (x86)/gnu tools arm embedded/5.4 2016q2/bin/../lib/gcc/arm-none-eabi/5.4.1/../../../../arm-none-eabi/lib/armv6-m\libc_nano.a(lib_a-signalr.o)
                0x08005d08                _getpid_r
 .text.__utoa   0x08005d10       0x74 c:/program files (x86)/gnu tools arm embedded/5.4 2016q2/bin/../lib/gcc/arm-none-eabi/5.4.1/../../../../arm-none-eabi/lib/armv6-m\libc_nano.a(lib_a-utoa.o)
                0x08005d10                __utoa
 *(.plt)
 *(.gnu.warning)
 *(.glue_7t)
 .glue_7t       0x08005d84        0x0 linker stubs
 *(.glue_7)
 .glue_7        0x08005d84        0x0 linker stubs
 *(.vfp11_veneer)
 .vfp11_veneer  0x08005d84        0x0 linker stubs
 *(.ARM.extab* .gnu.linkonce.armextab.*)
 .ARM.extab     0x08005d84       0x24 c:/program files (x86)/gnu tools arm embedded/5.4 2016q2/bin/../lib/gcc/arm-none-eabi/5.4.1/armv6-m\libgcc.a(unwind-arm.o)
 .ARM.extab     0x08005da8        0xc c:/program files (x86)/gnu tools arm embedded/5.4 2016q2/bin/../lib/gcc/arm-none-eabi/5.4.1/armv6-m\libgcc.a(pr-support.o)
 *(.gcc_except_table)

.v4_bx          0x08005db4        0x0
 .v4_bx         0x08005db4        0x0 linker stubs

.iplt           0x08005db4        0x0
 .iplt          0x08005db4        0x0 CMakeFiles/barometer.elf.dir/main.cpp.obj

.eh_frame_hdr
 *(.eh_frame_hdr)

.eh_frame
 *(.eh_frame)
                0x08005db4                __exidx_start = .

.ARM.exidx      0x08005db4       0xf0
 *(.ARM.exidx* .gnu.linkonce.armexidx.*)
 .ARM.exidx.text._kill
                0x08005db4        0x8 CMakeFiles/barometer.elf.dir/C_/Users/Jamie/Documents/GitHub/kookaburra/Drivers/Barometer/gemeenschappelijk/basis/stm32f0/syscalls_cm0.c.obj
 .ARM.exidx.text._exit
                0x08005dbc        0x0 CMakeFiles/barometer.elf.dir/C_/Users/Jamie/Documents/GitHub/kookaburra/Drivers/Barometer/gemeenschappelijk/basis/stm32f0/syscalls_cm0.c.obj
                                  0x8 (size before relaxing)
 .ARM.exidx.text._getpid
                0x08005dbc        0x0 CMakeFiles/barometer.elf.dir/C_/Users/Jamie/Documents/GitHub/kookaburra/Drivers/Barometer/gemeenschappelijk/basis/stm32f0/syscalls_cm0.c.obj
                                  0x8 (size before relaxing)
 .ARM.exidx.text.NMI_Handler
                0x08005dbc        0x0 CMakeFiles/barometer.elf.dir/stm32f0xx_it.c.obj
                                  0x8 (size before relaxing)
 .ARM.exidx.text.HardFault_Handler
                0x08005dbc        0x0 CMakeFiles/barometer.elf.dir/stm32f0xx_it.c.obj
                                  0x8 (size before relaxing)
 .ARM.exidx.text.SVC_Handler
                0x08005dbc        0x0 CMakeFiles/barometer.elf.dir/stm32f0xx_it.c.obj
                                  0x8 (size before relaxing)
 .ARM.exidx.text.PendSV_Handler
                0x08005dbc        0x0 CMakeFiles/barometer.elf.dir/stm32f0xx_it.c.obj
                                  0x8 (size before relaxing)
 .ARM.exidx.text.SysTick_Handler
                0x08005dbc        0x8 CMakeFiles/barometer.elf.dir/stm32f0xx_it.c.obj
 .ARM.exidx.text.STM_EVAL_LEDInit
                0x08005dc4        0x8 F0DiscoveryDir/libSTM32F0DiscoveryLib.a(stm32f0_discovery.c.obj)
 .ARM.exidx.text.SystemInit
                0x08005dcc        0x8 STM32CMSIS/libCMSISFIRMWARE.a(system_stm32f0xx.c.obj)
 .ARM.exidx.text.GPIO_Init
                0x08005dd4        0x0 STM32_StdPeriph_Driver/libF0StdPerifDriver.a(stm32f0xx_gpio.c.obj)
                                  0x8 (size before relaxing)
 .ARM.exidx.text.GPIO_StructInit
                0x08005dd4        0x0 STM32_StdPeriph_Driver/libF0StdPerifDriver.a(stm32f0xx_gpio.c.obj)
                                  0x8 (size before relaxing)
 .ARM.exidx.text.GPIO_PinAFConfig
                0x08005dd4        0x0 STM32_StdPeriph_Driver/libF0StdPerifDriver.a(stm32f0xx_gpio.c.obj)
                                  0x8 (size before relaxing)
 .ARM.exidx.text.I2C_Init
                0x08005dd4        0x0 STM32_StdPeriph_Driver/libF0StdPerifDriver.a(stm32f0xx_i2c.c.obj)
                                  0x8 (size before relaxing)
 .ARM.exidx.text.I2C_StructInit
                0x08005dd4        0x0 STM32_StdPeriph_Driver/libF0StdPerifDriver.a(stm32f0xx_i2c.c.obj)
                                  0x8 (size before relaxing)
 .ARM.exidx.text.I2C_Cmd
                0x08005dd4        0x0 STM32_StdPeriph_Driver/libF0StdPerifDriver.a(stm32f0xx_i2c.c.obj)
                                  0x8 (size before relaxing)
 .ARM.exidx.text.I2C_TransferHandling
                0x08005dd4        0x0 STM32_StdPeriph_Driver/libF0StdPerifDriver.a(stm32f0xx_i2c.c.obj)
                                  0x8 (size before relaxing)
 .ARM.exidx.text.I2C_SendData
                0x08005dd4        0x0 STM32_StdPeriph_Driver/libF0StdPerifDriver.a(stm32f0xx_i2c.c.obj)
                                  0x8 (size before relaxing)
 .ARM.exidx.text.I2C_ReceiveData
                0x08005dd4        0x0 STM32_StdPeriph_Driver/libF0StdPerifDriver.a(stm32f0xx_i2c.c.obj)
                                  0x8 (size before relaxing)
 .ARM.exidx.text.I2C_GetFlagStatus
                0x08005dd4        0x0 STM32_StdPeriph_Driver/libF0StdPerifDriver.a(stm32f0xx_i2c.c.obj)
                                  0x8 (size before relaxing)
 .ARM.exidx.text.I2C_ClearFlag
                0x08005dd4        0x0 STM32_StdPeriph_Driver/libF0StdPerifDriver.a(stm32f0xx_i2c.c.obj)
                                  0x8 (size before relaxing)
 .ARM.exidx.text.RCC_I2CCLKConfig
                0x08005dd4        0x0 STM32_StdPeriph_Driver/libF0StdPerifDriver.a(stm32f0xx_rcc.c.obj)
                                  0x8 (size before relaxing)
 .ARM.exidx.text.RCC_GetClocksFreq
                0x08005dd4        0x0 STM32_StdPeriph_Driver/libF0StdPerifDriver.a(stm32f0xx_rcc.c.obj)
                                  0x8 (size before relaxing)
 .ARM.exidx.text.RCC_AHBPeriphClockCmd
                0x08005dd4        0x0 STM32_StdPeriph_Driver/libF0StdPerifDriver.a(stm32f0xx_rcc.c.obj)
                                  0x8 (size before relaxing)
 .ARM.exidx.text.RCC_APB2PeriphClockCmd
                0x08005dd4        0x0 STM32_StdPeriph_Driver/libF0StdPerifDriver.a(stm32f0xx_rcc.c.obj)
                                  0x8 (size before relaxing)
 .ARM.exidx.text.RCC_APB1PeriphClockCmd
                0x08005dd4        0x0 STM32_StdPeriph_Driver/libF0StdPerifDriver.a(stm32f0xx_rcc.c.obj)
                                  0x8 (size before relaxing)
 .ARM.exidx.text.USART_Init
                0x08005dd4        0x8 STM32_StdPeriph_Driver/libF0StdPerifDriver.a(stm32f0xx_usart.c.obj)
 .ARM.exidx.text.USART_Cmd
                0x08005ddc        0x8 STM32_StdPeriph_Driver/libF0StdPerifDriver.a(stm32f0xx_usart.c.obj)
 .ARM.exidx.text.USART_SendData
                0x08005de4        0x0 STM32_StdPeriph_Driver/libF0StdPerifDriver.a(stm32f0xx_usart.c.obj)
                                  0x8 (size before relaxing)
 .ARM.exidx.text.USART_ITConfig
                0x08005de4        0x0 STM32_StdPeriph_Driver/libF0StdPerifDriver.a(stm32f0xx_usart.c.obj)
                                  0x8 (size before relaxing)
 .ARM.exidx.text.USART_GetFlagStatus
                0x08005de4        0x0 STM32_StdPeriph_Driver/libF0StdPerifDriver.a(stm32f0xx_usart.c.obj)
                                  0x8 (size before relaxing)
 .ARM.exidx     0x08005de4       0x90 c:/program files (x86)/gnu tools arm embedded/5.4 2016q2/bin/../lib/gcc/arm-none-eabi/5.4.1/armv6-m\libgcc.a(unwind-arm.o)
                                 0xd8 (size before relaxing)
 .ARM.exidx     0x08005e74       0x30 c:/program files (x86)/gnu tools arm embedded/5.4 2016q2/bin/../lib/gcc/arm-none-eabi/5.4.1/armv6-m\libgcc.a(pr-support.o)
                                 0x48 (size before relaxing)
                0x08005ea4                __exidx_end = .

.rodata         0x08005ea8      0x1c8
 *(.cortexm3vectors)
 *(.rodata .rodata.* .gnu.linkonce.r.*)
 .rodata.str1.1
                0x08005ea8       0x3c CMakeFiles/barometer.elf.dir/main.cpp.obj
 .rodata._ZL8GPIO_CLK
                0x08005ee4        0x8 F0DiscoveryDir/libSTM32F0DiscoveryLib.a(stm32f0_discovery.c.obj)
 .rodata._ZL8GPIO_PIN
                0x08005eec        0x4 F0DiscoveryDir/libSTM32F0DiscoveryLib.a(stm32f0_discovery.c.obj)
 .rodata.str1.4
                0x08005ef0        0x4 c:/program files (x86)/gnu tools arm embedded/5.4 2016q2/bin/../lib/gcc/arm-none-eabi/5.4.1/../../../../arm-none-eabi/lib/armv6-m\libm.a(lib_a-w_pow.o)
 .rodata.str1.4
                0x08005ef4        0x4 c:/program files (x86)/gnu tools arm embedded/5.4 2016q2/bin/../lib/gcc/arm-none-eabi/5.4.1/../../../../arm-none-eabi/lib/armv6-m\libm.a(lib_a-e_pow.o)
                                  0x1 (size before relaxing)
 .rodata.TWO52  0x08005ef8       0x10 c:/program files (x86)/gnu tools arm embedded/5.4 2016q2/bin/../lib/gcc/arm-none-eabi/5.4.1/../../../../arm-none-eabi/lib/armv6-m\libm.a(lib_a-s_rint.o)
 .rodata        0x08005f08       0x80 c:/program files (x86)/gnu tools arm embedded/5.4 2016q2/bin/../lib/gcc/arm-none-eabi/5.4.1/armv6-m\libgcc.a(divsf3.o)
 .rodata        0x08005f88       0x40 c:/program files (x86)/gnu tools arm embedded/5.4 2016q2/bin/../lib/gcc/arm-none-eabi/5.4.1/armv6-m\libgcc.a(mulsf3.o)
 .rodata        0x08005fc8       0x40 c:/program files (x86)/gnu tools arm embedded/5.4 2016q2/bin/../lib/gcc/arm-none-eabi/5.4.1/armv6-m\libgcc.a(divdf3.o)
 .rodata        0x08006008       0x40 c:/program files (x86)/gnu tools arm embedded/5.4 2016q2/bin/../lib/gcc/arm-none-eabi/5.4.1/armv6-m\libgcc.a(muldf3.o)
 .rodata.str1.1
                0x08006048        0x2 c:/program files (x86)/gnu tools arm embedded/5.4 2016q2/bin/../lib/gcc/arm-none-eabi/5.4.1/../../../../arm-none-eabi/lib/armv6-m\libc_nano.a(lib_a-impure.o)
 .rodata.str1.1
                0x0800604a       0x25 c:/program files (x86)/gnu tools arm embedded/5.4 2016q2/bin/../lib/gcc/arm-none-eabi/5.4.1/../../../../arm-none-eabi/lib/armv6-m\libc_nano.a(lib_a-utoa.o)
                0x08006070                . = ALIGN (0x4)
 *fill*         0x0800606f        0x1 
 *(.init)
                0x08006070                . = ALIGN (0x4)
                0x08006070                __preinit_array_start = .
 *(.preinit_array)
                0x08006070                __preinit_array_end = .
                0x08006070                . = ALIGN (0x4)
                0x08006070                __init_array_start = .
 *(SORT(.init_array.*))
 *(.init_array)
                0x08006070                __init_array_end = .
                0x08006070                . = ALIGN (0x4)
 *(.fini)
                0x08006070                . = ALIGN (0x4)
                0x08006070                __fini_array_start = .
 *(.fini_array)
 *(SORT(.fini_array.*))
                0x08006070                __fini_array_end = .
                0x08006070                . = ALIGN (0x4)
 *crtbegin.o(.ctors)
 *(EXCLUDE_FILE(*crtend.o) .ctors)
 *(SORT(.ctors.*))
 *crtend.o(.ctors)
                0x08006070                . = ALIGN (0x4)
 *crtbegin.o(.dtors)
 *(EXCLUDE_FILE(*crtend.o) .dtors)
 *(SORT(.dtors.*))
 *crtend.o(.dtors)
 *(.init .init.*)
 *(.fini .fini.*)
                [!provide]                PROVIDE (__preinit_array_start, .)
 *(.preinit_array)
                [!provide]                PROVIDE (__preinit_array_end, .)
                [!provide]                PROVIDE (__init_array_start, .)
 *(SORT(.init_array.*))
 *(.init_array)
                [!provide]                PROVIDE (__init_array_end, .)
                [!provide]                PROVIDE (__fini_array_start, .)
 *(.fini_array)
 *(SORT(.fini_array.*))
                [!provide]                PROVIDE (__fini_array_end, .)
                0x08006070                . = ALIGN (0x8)
 *(.rom)
 *(.rom.b)
                0x08006070                _etext = .
                0x08006070                _sidata = _etext

.rel.dyn        0x08006070        0x0
 .rel.iplt      0x08006070        0x0 CMakeFiles/barometer.elf.dir/main.cpp.obj

.data           0x20000000       0x88 load address 0x08006070
                0x20000000                _sdata = .
                0x20000000                _data = .
                0x20000000                . = ALIGN (0x80)
                0x00000000                _isr_vectorsram_offs = (. - 0x20000000)
 *(.isr_vectorsram)
                0x20000000                . = ALIGN (0x4)
 *(.jcr)
 *(.got.plt)
 *(.got)
 *(.shdata)
 *(.data .data.* .gnu.linkonce.d.*)
 .data.GPIO_PORT
                0x20000000        0x8 F0DiscoveryDir/libSTM32F0DiscoveryLib.a(stm32f0_discovery.c.obj)
                0x20000000                GPIO_PORT
 .data.SystemCoreClock
                0x20000008        0x4 STM32CMSIS/libCMSISFIRMWARE.a(system_stm32f0xx.c.obj)
                0x20000008                SystemCoreClock
 .data._ZL16APBAHBPrescTable
                0x2000000c       0x10 STM32_StdPeriph_Driver/libF0StdPerifDriver.a(stm32f0xx_rcc.c.obj)
 .data.__fdlib_version
                0x2000001c        0x1 c:/program files (x86)/gnu tools arm embedded/5.4 2016q2/bin/../lib/gcc/arm-none-eabi/5.4.1/../../../../arm-none-eabi/lib/armv6-m\libm.a(lib_a-s_lib_ver.o)
                0x2000001c                __fdlib_version
 *fill*         0x2000001d        0x3 
 .data.impure_data
                0x20000020       0x60 c:/program files (x86)/gnu tools arm embedded/5.4 2016q2/bin/../lib/gcc/arm-none-eabi/5.4.1/../../../../arm-none-eabi/lib/armv6-m\libc_nano.a(lib_a-impure.o)
 .data._impure_ptr
                0x20000080        0x4 c:/program files (x86)/gnu tools arm embedded/5.4 2016q2/bin/../lib/gcc/arm-none-eabi/5.4.1/../../../../arm-none-eabi/lib/armv6-m\libc_nano.a(lib_a-impure.o)
                0x20000080                _impure_ptr
                0x20000088                . = ALIGN (0x8)
 *fill*         0x20000084        0x4 
 *(.ram)
 *(.ramfunc*)
                0x20000088                . = ALIGN (0x4)
                0x20000088                _edata = .

.igot.plt       0x20000088        0x0 load address 0x080060f8
 .igot.plt      0x20000088        0x0 CMakeFiles/barometer.elf.dir/main.cpp.obj

.bss            0x20000088       0x10 load address 0x080060f8
                0x20000088                . = ALIGN (0x4)
                0x20000088                _bss = .
                0x20000088                _sbss = .
                0x20000088                __bss_start__ = .
 *(.shbss)
 *(.bss .bss.* .gnu.linkonce.b.*)
 .bss._ZL11TimingDelay
                0x20000088        0x4 CMakeFiles/barometer.elf.dir/main.cpp.obj
 .bss.usart     0x2000008c        0x1 CMakeFiles/barometer.elf.dir/main.cpp.obj
                0x2000008c                usart
 *(COMMON)
 *fill*         0x2000008d        0x3 
 COMMON         0x20000090        0x4 c:/program files (x86)/gnu tools arm embedded/5.4 2016q2/bin/../lib/gcc/arm-none-eabi/5.4.1/../../../../arm-none-eabi/lib/armv6-m\libc_nano.a(lib_a-reent.o)
                0x20000090                errno
                0x20000098                . = ALIGN (0x8)
 *fill*         0x20000094        0x4 
 *(.ram.b)
                0x20000098                . = ALIGN (0x4)
                0x20000098                __bss_end__ = .
                0x20000098                _ebss = .
                0x20000098                __end = .
                0x20000098                _end = .
                [!provide]                PROVIDE (end, .)

._usrstack      0x20000098       0x98 load address 0x080060f8
                0x20000098                . = ALIGN (0x4)
                0x20000098                _susrstack = .
                0x2000012e                . = (. + _Minimum_Stack_Size)
 *fill*         0x20000098       0x96 
                0x20000130                . = ALIGN (0x4)
 *fill*         0x2000012e        0x2 
                0x20000130                _eusrstack = .

.stab
 *(.stab)

.stabstr
 *(.stabstr)

.stab.excl
 *(.stab.excl)

.stab.exclstr
 *(.stab.exclstr)

.stab.index
 *(.stab.index)

.stab.indexstr
 *(.stab.indexstr)

.comment        0x00000000       0x6e
 *(.comment)
 .comment       0x00000000       0x6e CMakeFiles/barometer.elf.dir/main.cpp.obj
                                 0x6f (size before relaxing)
 .comment       0x0000006e       0x6f CMakeFiles/barometer.elf.dir/usart.cpp.obj
 .comment       0x0000006e       0x6f CMakeFiles/barometer.elf.dir/MS5611.cpp.obj
 .comment       0x0000006e       0x6f CMakeFiles/barometer.elf.dir/C_/Users/Jamie/Documents/GitHub/kookaburra/Drivers/Barometer/gemeenschappelijk/basis/stm32f0/syscalls_cm0.c.obj
 .comment       0x0000006e       0x6f CMakeFiles/barometer.elf.dir/stm32f0xx_it.c.obj
 .comment       0x0000006e       0x6f F0DiscoveryDir/libSTM32F0DiscoveryLib.a(stm32f0_discovery.c.obj)
 .comment       0x0000006e       0x6f STM32CMSIS/libCMSISFIRMWARE.a(system_stm32f0xx.c.obj)
 .comment       0x0000006e       0x6f STM32_StdPeriph_Driver/libF0StdPerifDriver.a(stm32f0xx_exti.c.obj)
 .comment       0x0000006e       0x6f STM32_StdPeriph_Driver/libF0StdPerifDriver.a(stm32f0xx_gpio.c.obj)
 .comment       0x0000006e       0x6f STM32_StdPeriph_Driver/libF0StdPerifDriver.a(stm32f0xx_i2c.c.obj)
 .comment       0x0000006e       0x6f STM32_StdPeriph_Driver/libF0StdPerifDriver.a(stm32f0xx_misc.c.obj)
 .comment       0x0000006e       0x6f STM32_StdPeriph_Driver/libF0StdPerifDriver.a(stm32f0xx_rcc.c.obj)
 .comment       0x0000006e       0x6f STM32_StdPeriph_Driver/libF0StdPerifDriver.a(stm32f0xx_syscfg.c.obj)
 .comment       0x0000006e       0x6f STM32_StdPeriph_Driver/libF0StdPerifDriver.a(stm32f0xx_usart.c.obj)

.debug
 *(.debug)

.line
 *(.line)

.debug_srcinfo
 *(.debug_srcinfo)

.debug_sfnames
 *(.debug_sfnames)

.debug_aranges  0x00000000      0x258
 *(.debug_aranges)
 .debug_aranges
                0x00000000       0x30 CMakeFiles/barometer.elf.dir/main.cpp.obj
 .debug_aranges
                0x00000030       0x48 CMakeFiles/barometer.elf.dir/usart.cpp.obj
 .debug_aranges
                0x00000078       0xa0 CMakeFiles/barometer.elf.dir/MS5611.cpp.obj
 .debug_aranges
                0x00000118       0x78 CMakeFiles/barometer.elf.dir/C_/Users/Jamie/Documents/GitHub/kookaburra/Drivers/Barometer/gemeenschappelijk/basis/stm32f0/syscalls_cm0.c.obj
 .debug_aranges
                0x00000190       0x30 CMakeFiles/barometer.elf.dir/stm32f0xx_it.c.obj
 .debug_aranges
                0x000001c0       0x48 F0DiscoveryDir/libSTM32F0DiscoveryLib.a(stm32f0_discovery.c.obj)
 .debug_aranges
                0x00000208       0x28 STM32CMSIS/libCMSISFIRMWARE.a(system_stm32f0xx.c.obj)
 .debug_aranges
                0x00000230       0x28 STM32CMSIS/libCMSISFIRMWARE.a(startup_stm32f0xx.s.obj)

.debug_pubnames
 *(.debug_pubnames)

.debug_info     0x00000000     0x9d5f
 *(.debug_info .gnu.linkonce.wi.*)
 .debug_info    0x00000000     0x4254 CMakeFiles/barometer.elf.dir/main.cpp.obj
 .debug_info    0x00004254     0x169c CMakeFiles/barometer.elf.dir/usart.cpp.obj
 .debug_info    0x000058f0     0x29c6 CMakeFiles/barometer.elf.dir/MS5611.cpp.obj
 .debug_info    0x000082b6      0xd6c CMakeFiles/barometer.elf.dir/C_/Users/Jamie/Documents/GitHub/kookaburra/Drivers/Barometer/gemeenschappelijk/basis/stm32f0/syscalls_cm0.c.obj
 .debug_info    0x00009022       0xc1 CMakeFiles/barometer.elf.dir/stm32f0xx_it.c.obj
 .debug_info    0x000090e3      0x7df F0DiscoveryDir/libSTM32F0DiscoveryLib.a(stm32f0_discovery.c.obj)
 .debug_info    0x000098c2      0x379 STM32CMSIS/libCMSISFIRMWARE.a(system_stm32f0xx.c.obj)
 .debug_info    0x00009c3b      0x124 STM32CMSIS/libCMSISFIRMWARE.a(startup_stm32f0xx.s.obj)

.debug_abbrev   0x00000000     0x14eb
 *(.debug_abbrev)
 .debug_abbrev  0x00000000      0x664 CMakeFiles/barometer.elf.dir/main.cpp.obj
 .debug_abbrev  0x00000664      0x3ba CMakeFiles/barometer.elf.dir/usart.cpp.obj
 .debug_abbrev  0x00000a1e      0x4b5 CMakeFiles/barometer.elf.dir/MS5611.cpp.obj
 .debug_abbrev  0x00000ed3      0x28f CMakeFiles/barometer.elf.dir/C_/Users/Jamie/Documents/GitHub/kookaburra/Drivers/Barometer/gemeenschappelijk/basis/stm32f0/syscalls_cm0.c.obj
 .debug_abbrev  0x00001162       0x94 CMakeFiles/barometer.elf.dir/stm32f0xx_it.c.obj
 .debug_abbrev  0x000011f6      0x19e F0DiscoveryDir/libSTM32F0DiscoveryLib.a(stm32f0_discovery.c.obj)
 .debug_abbrev  0x00001394      0x145 STM32CMSIS/libCMSISFIRMWARE.a(system_stm32f0xx.c.obj)
 .debug_abbrev  0x000014d9       0x12 STM32CMSIS/libCMSISFIRMWARE.a(startup_stm32f0xx.s.obj)

.debug_line     0x00000000     0x1f19
 *(.debug_line)
 .debug_line    0x00000000      0x717 CMakeFiles/barometer.elf.dir/main.cpp.obj
 .debug_line    0x00000717      0x4e7 CMakeFiles/barometer.elf.dir/usart.cpp.obj
 .debug_line    0x00000bfe      0x7d8 CMakeFiles/barometer.elf.dir/MS5611.cpp.obj
 .debug_line    0x000013d6      0x3af CMakeFiles/barometer.elf.dir/C_/Users/Jamie/Documents/GitHub/kookaburra/Drivers/Barometer/gemeenschappelijk/basis/stm32f0/syscalls_cm0.c.obj
 .debug_line    0x00001785       0xfc CMakeFiles/barometer.elf.dir/stm32f0xx_it.c.obj
 .debug_line    0x00001881      0x346 F0DiscoveryDir/libSTM32F0DiscoveryLib.a(stm32f0_discovery.c.obj)
 .debug_line    0x00001bc7      0x258 STM32CMSIS/libCMSISFIRMWARE.a(system_stm32f0xx.c.obj)
 .debug_line    0x00001e1f       0xfa STM32CMSIS/libCMSISFIRMWARE.a(startup_stm32f0xx.s.obj)

.debug_frame    0x00000000     0x1230
 *(.debug_frame)
 .debug_frame   0x00000000       0x50 CMakeFiles/barometer.elf.dir/main.cpp.obj
 .debug_frame   0x00000050       0xb0 CMakeFiles/barometer.elf.dir/usart.cpp.obj
 .debug_frame   0x00000100      0x1f0 CMakeFiles/barometer.elf.dir/MS5611.cpp.obj
 .debug_frame   0x000002f0       0xd8 CMakeFiles/barometer.elf.dir/C_/Users/Jamie/Documents/GitHub/kookaburra/Drivers/Barometer/gemeenschappelijk/basis/stm32f0/syscalls_cm0.c.obj
 .debug_frame   0x000003c8       0x68 CMakeFiles/barometer.elf.dir/stm32f0xx_it.c.obj
 .debug_frame   0x00000430       0x98 F0DiscoveryDir/libSTM32F0DiscoveryLib.a(stm32f0_discovery.c.obj)
 .debug_frame   0x000004c8       0x48 STM32CMSIS/libCMSISFIRMWARE.a(system_stm32f0xx.c.obj)
 .debug_frame   0x00000510       0x3c c:/program files (x86)/gnu tools arm embedded/5.4 2016q2/bin/../lib/gcc/arm-none-eabi/5.4.1/../../../../arm-none-eabi/lib/armv6-m\libm.a(lib_a-w_pow.o)
 .debug_frame   0x0000054c       0x3c c:/program files (x86)/gnu tools arm embedded/5.4 2016q2/bin/../lib/gcc/arm-none-eabi/5.4.1/../../../../arm-none-eabi/lib/armv6-m\libm.a(lib_a-e_pow.o)
 .debug_frame   0x00000588       0x3c c:/program files (x86)/gnu tools arm embedded/5.4 2016q2/bin/../lib/gcc/arm-none-eabi/5.4.1/../../../../arm-none-eabi/lib/armv6-m\libm.a(lib_a-e_sqrt.o)
 .debug_frame   0x000005c4       0x20 c:/program files (x86)/gnu tools arm embedded/5.4 2016q2/bin/../lib/gcc/arm-none-eabi/5.4.1/../../../../arm-none-eabi/lib/armv6-m\libm.a(lib_a-s_fabs.o)
 .debug_frame   0x000005e4       0x20 c:/program files (x86)/gnu tools arm embedded/5.4 2016q2/bin/../lib/gcc/arm-none-eabi/5.4.1/../../../../arm-none-eabi/lib/armv6-m\libm.a(lib_a-s_finite.o)
 .debug_frame   0x00000604       0x20 c:/program files (x86)/gnu tools arm embedded/5.4 2016q2/bin/../lib/gcc/arm-none-eabi/5.4.1/../../../../arm-none-eabi/lib/armv6-m\libm.a(lib_a-s_matherr.o)
 .debug_frame   0x00000624       0x20 c:/program files (x86)/gnu tools arm embedded/5.4 2016q2/bin/../lib/gcc/arm-none-eabi/5.4.1/../../../../arm-none-eabi/lib/armv6-m\libm.a(lib_a-s_nan.o)
 .debug_frame   0x00000644       0x38 c:/program files (x86)/gnu tools arm embedded/5.4 2016q2/bin/../lib/gcc/arm-none-eabi/5.4.1/../../../../arm-none-eabi/lib/armv6-m\libm.a(lib_a-s_rint.o)
 .debug_frame   0x0000067c       0x2c c:/program files (x86)/gnu tools arm embedded/5.4 2016q2/bin/../lib/gcc/arm-none-eabi/5.4.1/../../../../arm-none-eabi/lib/armv6-m\libm.a(lib_a-s_scalbn.o)
 .debug_frame   0x000006a8       0x2c c:/program files (x86)/gnu tools arm embedded/5.4 2016q2/bin/../lib/gcc/arm-none-eabi/5.4.1/../../../../arm-none-eabi/lib/armv6-m\libm.a(lib_a-s_copysign.o)
 .debug_frame   0x000006d4       0x20 c:/program files (x86)/gnu tools arm embedded/5.4 2016q2/bin/../lib/gcc/arm-none-eabi/5.4.1/armv6-m\libgcc.a(_udivsi3.o)
 .debug_frame   0x000006f4       0x28 c:/program files (x86)/gnu tools arm embedded/5.4 2016q2/bin/../lib/gcc/arm-none-eabi/5.4.1/armv6-m\libgcc.a(_fixunssfsi.o)
 .debug_frame   0x0000071c       0x30 c:/program files (x86)/gnu tools arm embedded/5.4 2016q2/bin/../lib/gcc/arm-none-eabi/5.4.1/armv6-m\libgcc.a(addsf3.o)
 .debug_frame   0x0000074c       0x3c c:/program files (x86)/gnu tools arm embedded/5.4 2016q2/bin/../lib/gcc/arm-none-eabi/5.4.1/armv6-m\libgcc.a(divsf3.o)
 .debug_frame   0x00000788       0x2c c:/program files (x86)/gnu tools arm embedded/5.4 2016q2/bin/../lib/gcc/arm-none-eabi/5.4.1/armv6-m\libgcc.a(eqsf2.o)
 .debug_frame   0x000007b4       0x30 c:/program files (x86)/gnu tools arm embedded/5.4 2016q2/bin/../lib/gcc/arm-none-eabi/5.4.1/armv6-m\libgcc.a(gesf2.o)
 .debug_frame   0x000007e4       0x30 c:/program files (x86)/gnu tools arm embedded/5.4 2016q2/bin/../lib/gcc/arm-none-eabi/5.4.1/armv6-m\libgcc.a(lesf2.o)
 .debug_frame   0x00000814       0x38 c:/program files (x86)/gnu tools arm embedded/5.4 2016q2/bin/../lib/gcc/arm-none-eabi/5.4.1/armv6-m\libgcc.a(mulsf3.o)
 .debug_frame   0x0000084c       0x30 c:/program files (x86)/gnu tools arm embedded/5.4 2016q2/bin/../lib/gcc/arm-none-eabi/5.4.1/armv6-m\libgcc.a(subsf3.o)
 .debug_frame   0x0000087c       0x20 c:/program files (x86)/gnu tools arm embedded/5.4 2016q2/bin/../lib/gcc/arm-none-eabi/5.4.1/armv6-m\libgcc.a(fixsfsi.o)
 .debug_frame   0x0000089c       0x2c c:/program files (x86)/gnu tools arm embedded/5.4 2016q2/bin/../lib/gcc/arm-none-eabi/5.4.1/armv6-m\libgcc.a(floatsisf.o)
 .debug_frame   0x000008c8       0x2c c:/program files (x86)/gnu tools arm embedded/5.4 2016q2/bin/../lib/gcc/arm-none-eabi/5.4.1/armv6-m\libgcc.a(floatunsisf.o)
 .debug_frame   0x000008f4       0x3c c:/program files (x86)/gnu tools arm embedded/5.4 2016q2/bin/../lib/gcc/arm-none-eabi/5.4.1/armv6-m\libgcc.a(adddf3.o)
 .debug_frame   0x00000930       0x3c c:/program files (x86)/gnu tools arm embedded/5.4 2016q2/bin/../lib/gcc/arm-none-eabi/5.4.1/armv6-m\libgcc.a(divdf3.o)
 .debug_frame   0x0000096c       0x38 c:/program files (x86)/gnu tools arm embedded/5.4 2016q2/bin/../lib/gcc/arm-none-eabi/5.4.1/armv6-m\libgcc.a(eqdf2.o)
 .debug_frame   0x000009a4       0x38 c:/program files (x86)/gnu tools arm embedded/5.4 2016q2/bin/../lib/gcc/arm-none-eabi/5.4.1/armv6-m\libgcc.a(gedf2.o)
 .debug_frame   0x000009dc       0x38 c:/program files (x86)/gnu tools arm embedded/5.4 2016q2/bin/../lib/gcc/arm-none-eabi/5.4.1/armv6-m\libgcc.a(ledf2.o)
 .debug_frame   0x00000a14       0x3c c:/program files (x86)/gnu tools arm embedded/5.4 2016q2/bin/../lib/gcc/arm-none-eabi/5.4.1/armv6-m\libgcc.a(muldf3.o)
 .debug_frame   0x00000a50       0x38 c:/program files (x86)/gnu tools arm embedded/5.4 2016q2/bin/../lib/gcc/arm-none-eabi/5.4.1/armv6-m\libgcc.a(subdf3.o)
 .debug_frame   0x00000a88       0x2c c:/program files (x86)/gnu tools arm embedded/5.4 2016q2/bin/../lib/gcc/arm-none-eabi/5.4.1/armv6-m\libgcc.a(unorddf2.o)
 .debug_frame   0x00000ab4       0x2c c:/program files (x86)/gnu tools arm embedded/5.4 2016q2/bin/../lib/gcc/arm-none-eabi/5.4.1/armv6-m\libgcc.a(floatsidf.o)
 .debug_frame   0x00000ae0       0x2c c:/program files (x86)/gnu tools arm embedded/5.4 2016q2/bin/../lib/gcc/arm-none-eabi/5.4.1/armv6-m\libgcc.a(extendsfdf2.o)
 .debug_frame   0x00000b0c       0x2c c:/program files (x86)/gnu tools arm embedded/5.4 2016q2/bin/../lib/gcc/arm-none-eabi/5.4.1/armv6-m\libgcc.a(truncdfsf2.o)
 .debug_frame   0x00000b38      0x2c4 c:/program files (x86)/gnu tools arm embedded/5.4 2016q2/bin/../lib/gcc/arm-none-eabi/5.4.1/armv6-m\libgcc.a(unwind-arm.o)
 .debug_frame   0x00000dfc       0xf4 c:/program files (x86)/gnu tools arm embedded/5.4 2016q2/bin/../lib/gcc/arm-none-eabi/5.4.1/armv6-m\libgcc.a(pr-support.o)
 .debug_frame   0x00000ef0       0x28 c:/program files (x86)/gnu tools arm embedded/5.4 2016q2/bin/../lib/gcc/arm-none-eabi/5.4.1/../../../../arm-none-eabi/lib/armv6-m\libc_nano.a(lib_a-abort.o)
 .debug_frame   0x00000f18       0x20 c:/program files (x86)/gnu tools arm embedded/5.4 2016q2/bin/../lib/gcc/arm-none-eabi/5.4.1/../../../../arm-none-eabi/lib/armv6-m\libc_nano.a(lib_a-errno.o)
 .debug_frame   0x00000f38       0x40 c:/program files (x86)/gnu tools arm embedded/5.4 2016q2/bin/../lib/gcc/arm-none-eabi/5.4.1/../../../../arm-none-eabi/lib/armv6-m\libc_nano.a(lib_a-itoa.o)
 .debug_frame   0x00000f78       0x28 c:/program files (x86)/gnu tools arm embedded/5.4 2016q2/bin/../lib/gcc/arm-none-eabi/5.4.1/../../../../arm-none-eabi/lib/armv6-m\libc_nano.a(lib_a-memcpy-stub.o)
 .debug_frame   0x00000fa0       0x48 c:/program files (x86)/gnu tools arm embedded/5.4 2016q2/bin/../lib/gcc/arm-none-eabi/5.4.1/../../../../arm-none-eabi/lib/armv6-m\libc_nano.a(lib_a-reent.o)
 .debug_frame   0x00000fe8       0xe0 c:/program files (x86)/gnu tools arm embedded/5.4 2016q2/bin/../lib/gcc/arm-none-eabi/5.4.1/../../../../arm-none-eabi/lib/armv6-m\libc_nano.a(lib_a-signal.o)
 .debug_frame   0x000010c8       0x44 c:/program files (x86)/gnu tools arm embedded/5.4 2016q2/bin/../lib/gcc/arm-none-eabi/5.4.1/../../../../arm-none-eabi/lib/armv6-m\libc_nano.a(lib_a-signalr.o)
 .debug_frame   0x0000110c       0x28 c:/program files (x86)/gnu tools arm embedded/5.4 2016q2/bin/../lib/gcc/arm-none-eabi/5.4.1/../../../../arm-none-eabi/lib/armv6-m\libc_nano.a(lib_a-sysisatty.o)
 .debug_frame   0x00001134       0x48 c:/program files (x86)/gnu tools arm embedded/5.4 2016q2/bin/../lib/gcc/arm-none-eabi/5.4.1/../../../../arm-none-eabi/lib/armv6-m\libc_nano.a(lib_a-utoa.o)
 .debug_frame   0x0000117c       0x2c c:/program files (x86)/gnu tools arm embedded/5.4 2016q2/bin/../lib/gcc/arm-none-eabi/5.4.1/../../../../arm-none-eabi/lib/armv6-m\libc_nano.a(lib_a-nano-freer.o)
 .debug_frame   0x000011a8       0x2c c:/program files (x86)/gnu tools arm embedded/5.4 2016q2/bin/../lib/gcc/arm-none-eabi/5.4.1/../../../../arm-none-eabi/lib/armv6-m\libc_nano.a(lib_a-nano-mallocr.o)
 .debug_frame   0x000011d4       0x2c c:/program files (x86)/gnu tools arm embedded/5.4 2016q2/bin/../lib/gcc/arm-none-eabi/5.4.1/../../../../arm-none-eabi/lib/armv6-m\libc_nano.a(lib_a-sbrkr.o)
 .debug_frame   0x00001200       0x30 c:/program files (x86)/gnu tools arm embedded/5.4 2016q2/bin/../lib/gcc/arm-none-eabi/5.4.1/../../../../arm-none-eabi/lib/armv6-m\libc_nano.a(lib_a-mlock.o)

.debug_str      0x00000000     0x5da5
 *(.debug_str)
 .debug_str     0x00000000     0x5023 CMakeFiles/barometer.elf.dir/main.cpp.obj
                               0x53d6 (size before relaxing)
 .debug_str     0x00005023      0x37a CMakeFiles/barometer.elf.dir/usart.cpp.obj
                                0xdd6 (size before relaxing)
 .debug_str     0x0000539d      0x201 CMakeFiles/barometer.elf.dir/MS5611.cpp.obj
                               0x13e5 (size before relaxing)
 .debug_str     0x0000559e      0x2c2 CMakeFiles/barometer.elf.dir/C_/Users/Jamie/Documents/GitHub/kookaburra/Drivers/Barometer/gemeenschappelijk/basis/stm32f0/syscalls_cm0.c.obj
                                0x7eb (size before relaxing)
 .debug_str     0x00005860       0x87 CMakeFiles/barometer.elf.dir/stm32f0xx_it.c.obj
                                0x1f6 (size before relaxing)
 .debug_str     0x000058e7      0x338 F0DiscoveryDir/libSTM32F0DiscoveryLib.a(stm32f0_discovery.c.obj)
                                0x835 (size before relaxing)
 .debug_str     0x00005c1f      0x186 STM32CMSIS/libCMSISFIRMWARE.a(system_stm32f0xx.c.obj)
                                0x3bf (size before relaxing)

.debug_loc      0x00000000      0x94b
 *(.debug_loc)
 .debug_loc     0x00000000       0x4a CMakeFiles/barometer.elf.dir/main.cpp.obj
 .debug_loc     0x0000004a      0x168 CMakeFiles/barometer.elf.dir/usart.cpp.obj
 .debug_loc     0x000001b2      0x4a2 CMakeFiles/barometer.elf.dir/MS5611.cpp.obj
 .debug_loc     0x00000654      0x134 CMakeFiles/barometer.elf.dir/C_/Users/Jamie/Documents/GitHub/kookaburra/Drivers/Barometer/gemeenschappelijk/basis/stm32f0/syscalls_cm0.c.obj
 .debug_loc     0x00000788       0xe7 F0DiscoveryDir/libSTM32F0DiscoveryLib.a(stm32f0_discovery.c.obj)
 .debug_loc     0x0000086f       0xdc STM32CMSIS/libCMSISFIRMWARE.a(system_stm32f0xx.c.obj)

.debug_macinfo
 *(.debug_macinfo)

.debug_weaknames
 *(.debug_weaknames)

.debug_funcnames
 *(.debug_funcnames)

.debug_typenames
 *(.debug_typenames)

.debug_varnames
 *(.debug_varnames)

.debug_pubtypes
 *(.debug_pubtypes)

.debug_ranges   0x00000000      0x200
 *(.debug_ranges)
 .debug_ranges  0x00000000       0x20 CMakeFiles/barometer.elf.dir/main.cpp.obj
 .debug_ranges  0x00000020       0x38 CMakeFiles/barometer.elf.dir/usart.cpp.obj
 .debug_ranges  0x00000058       0x90 CMakeFiles/barometer.elf.dir/MS5611.cpp.obj
 .debug_ranges  0x000000e8       0x68 CMakeFiles/barometer.elf.dir/C_/Users/Jamie/Documents/GitHub/kookaburra/Drivers/Barometer/gemeenschappelijk/basis/stm32f0/syscalls_cm0.c.obj
 .debug_ranges  0x00000150       0x20 CMakeFiles/barometer.elf.dir/stm32f0xx_it.c.obj
 .debug_ranges  0x00000170       0x38 F0DiscoveryDir/libSTM32F0DiscoveryLib.a(stm32f0_discovery.c.obj)
 .debug_ranges  0x000001a8       0x38 STM32CMSIS/libCMSISFIRMWARE.a(system_stm32f0xx.c.obj)
 .debug_ranges  0x000001e0       0x20 STM32CMSIS/libCMSISFIRMWARE.a(startup_stm32f0xx.s.obj)

.ARM.attributes
                0x00000000       0x2f
 *(.ARM.attributes)
 .ARM.attributes
                0x00000000       0x31 CMakeFiles/barometer.elf.dir/main.cpp.obj
 .ARM.attributes
                0x00000031       0x31 CMakeFiles/barometer.elf.dir/usart.cpp.obj
 .ARM.attributes
                0x00000062       0x31 CMakeFiles/barometer.elf.dir/MS5611.cpp.obj
 .ARM.attributes
                0x00000093       0x31 CMakeFiles/barometer.elf.dir/C_/Users/Jamie/Documents/GitHub/kookaburra/Drivers/Barometer/gemeenschappelijk/basis/stm32f0/syscalls_cm0.c.obj
 .ARM.attributes
                0x000000c4       0x31 CMakeFiles/barometer.elf.dir/stm32f0xx_it.c.obj
 .ARM.attributes
                0x000000f5       0x31 F0DiscoveryDir/libSTM32F0DiscoveryLib.a(stm32f0_discovery.c.obj)
 .ARM.attributes
                0x00000126       0x31 STM32CMSIS/libCMSISFIRMWARE.a(system_stm32f0xx.c.obj)
 .ARM.attributes
                0x00000157       0x21 STM32CMSIS/libCMSISFIRMWARE.a(startup_stm32f0xx.s.obj)
 .ARM.attributes
                0x00000178       0x31 STM32_StdPeriph_Driver/libF0StdPerifDriver.a(stm32f0xx_exti.c.obj)
 .ARM.attributes
                0x000001a9       0x31 STM32_StdPeriph_Driver/libF0StdPerifDriver.a(stm32f0xx_gpio.c.obj)
 .ARM.attributes
                0x000001da       0x31 STM32_StdPeriph_Driver/libF0StdPerifDriver.a(stm32f0xx_i2c.c.obj)
 .ARM.attributes
                0x0000020b       0x31 STM32_StdPeriph_Driver/libF0StdPerifDriver.a(stm32f0xx_misc.c.obj)
 .ARM.attributes
                0x0000023c       0x31 STM32_StdPeriph_Driver/libF0StdPerifDriver.a(stm32f0xx_rcc.c.obj)
 .ARM.attributes
                0x0000026d       0x31 STM32_StdPeriph_Driver/libF0StdPerifDriver.a(stm32f0xx_syscfg.c.obj)
 .ARM.attributes
                0x0000029e       0x31 STM32_StdPeriph_Driver/libF0StdPerifDriver.a(stm32f0xx_usart.c.obj)
 .ARM.attributes
                0x000002cf       0x2c c:/program files (x86)/gnu tools arm embedded/5.4 2016q2/bin/../lib/gcc/arm-none-eabi/5.4.1/../../../../arm-none-eabi/lib/armv6-m\libm.a(lib_a-w_pow.o)
 .ARM.attributes
                0x000002fb       0x2c c:/program files (x86)/gnu tools arm embedded/5.4 2016q2/bin/../lib/gcc/arm-none-eabi/5.4.1/../../../../arm-none-eabi/lib/armv6-m\libm.a(lib_a-e_pow.o)
 .ARM.attributes
                0x00000327       0x2c c:/program files (x86)/gnu tools arm embedded/5.4 2016q2/bin/../lib/gcc/arm-none-eabi/5.4.1/../../../../arm-none-eabi/lib/armv6-m\libm.a(lib_a-e_sqrt.o)
 .ARM.attributes
                0x00000353       0x2c c:/program files (x86)/gnu tools arm embedded/5.4 2016q2/bin/../lib/gcc/arm-none-eabi/5.4.1/../../../../arm-none-eabi/lib/armv6-m\libm.a(lib_a-s_fabs.o)
 .ARM.attributes
                0x0000037f       0x2c c:/program files (x86)/gnu tools arm embedded/5.4 2016q2/bin/../lib/gcc/arm-none-eabi/5.4.1/../../../../arm-none-eabi/lib/armv6-m\libm.a(lib_a-s_finite.o)
 .ARM.attributes
                0x000003ab       0x2c c:/program files (x86)/gnu tools arm embedded/5.4 2016q2/bin/../lib/gcc/arm-none-eabi/5.4.1/../../../../arm-none-eabi/lib/armv6-m\libm.a(lib_a-s_lib_ver.o)
 .ARM.attributes
                0x000003d7       0x2c c:/program files (x86)/gnu tools arm embedded/5.4 2016q2/bin/../lib/gcc/arm-none-eabi/5.4.1/../../../../arm-none-eabi/lib/armv6-m\libm.a(lib_a-s_matherr.o)
 .ARM.attributes
                0x00000403       0x2c c:/program files (x86)/gnu tools arm embedded/5.4 2016q2/bin/../lib/gcc/arm-none-eabi/5.4.1/../../../../arm-none-eabi/lib/armv6-m\libm.a(lib_a-s_nan.o)
 .ARM.attributes
                0x0000042f       0x2c c:/program files (x86)/gnu tools arm embedded/5.4 2016q2/bin/../lib/gcc/arm-none-eabi/5.4.1/../../../../arm-none-eabi/lib/armv6-m\libm.a(lib_a-s_rint.o)
 .ARM.attributes
                0x0000045b       0x2c c:/program files (x86)/gnu tools arm embedded/5.4 2016q2/bin/../lib/gcc/arm-none-eabi/5.4.1/../../../../arm-none-eabi/lib/armv6-m\libm.a(lib_a-s_scalbn.o)
 .ARM.attributes
                0x00000487       0x2c c:/program files (x86)/gnu tools arm embedded/5.4 2016q2/bin/../lib/gcc/arm-none-eabi/5.4.1/../../../../arm-none-eabi/lib/armv6-m\libm.a(lib_a-s_copysign.o)
 .ARM.attributes
                0x000004b3       0x1e c:/program files (x86)/gnu tools arm embedded/5.4 2016q2/bin/../lib/gcc/arm-none-eabi/5.4.1/armv6-m\libgcc.a(_udivsi3.o)
 .ARM.attributes
                0x000004d1       0x1e c:/program files (x86)/gnu tools arm embedded/5.4 2016q2/bin/../lib/gcc/arm-none-eabi/5.4.1/armv6-m\libgcc.a(_dvmd_tls.o)
 .ARM.attributes
                0x000004ef       0x1e c:/program files (x86)/gnu tools arm embedded/5.4 2016q2/bin/../lib/gcc/arm-none-eabi/5.4.1/armv6-m\libgcc.a(_arm_cmpdf2.o)
 .ARM.attributes
                0x0000050d       0x1e c:/program files (x86)/gnu tools arm embedded/5.4 2016q2/bin/../lib/gcc/arm-none-eabi/5.4.1/armv6-m\libgcc.a(_arm_cmpsf2.o)
 .ARM.attributes
                0x0000052b       0x2c c:/program files (x86)/gnu tools arm embedded/5.4 2016q2/bin/../lib/gcc/arm-none-eabi/5.4.1/armv6-m\libgcc.a(_fixunssfsi.o)
 .ARM.attributes
                0x00000557       0x2c c:/program files (x86)/gnu tools arm embedded/5.4 2016q2/bin/../lib/gcc/arm-none-eabi/5.4.1/armv6-m\libgcc.a(addsf3.o)
 .ARM.attributes
                0x00000583       0x2c c:/program files (x86)/gnu tools arm embedded/5.4 2016q2/bin/../lib/gcc/arm-none-eabi/5.4.1/armv6-m\libgcc.a(divsf3.o)
 .ARM.attributes
                0x000005af       0x2c c:/program files (x86)/gnu tools arm embedded/5.4 2016q2/bin/../lib/gcc/arm-none-eabi/5.4.1/armv6-m\libgcc.a(eqsf2.o)
 .ARM.attributes
                0x000005db       0x2c c:/program files (x86)/gnu tools arm embedded/5.4 2016q2/bin/../lib/gcc/arm-none-eabi/5.4.1/armv6-m\libgcc.a(gesf2.o)
 .ARM.attributes
                0x00000607       0x2c c:/program files (x86)/gnu tools arm embedded/5.4 2016q2/bin/../lib/gcc/arm-none-eabi/5.4.1/armv6-m\libgcc.a(lesf2.o)
 .ARM.attributes
                0x00000633       0x2c c:/program files (x86)/gnu tools arm embedded/5.4 2016q2/bin/../lib/gcc/arm-none-eabi/5.4.1/armv6-m\libgcc.a(mulsf3.o)
 .ARM.attributes
                0x0000065f       0x2c c:/program files (x86)/gnu tools arm embedded/5.4 2016q2/bin/../lib/gcc/arm-none-eabi/5.4.1/armv6-m\libgcc.a(subsf3.o)
 .ARM.attributes
                0x0000068b       0x2c c:/program files (x86)/gnu tools arm embedded/5.4 2016q2/bin/../lib/gcc/arm-none-eabi/5.4.1/armv6-m\libgcc.a(fixsfsi.o)
 .ARM.attributes
                0x000006b7       0x2c c:/program files (x86)/gnu tools arm embedded/5.4 2016q2/bin/../lib/gcc/arm-none-eabi/5.4.1/armv6-m\libgcc.a(floatsisf.o)
 .ARM.attributes
                0x000006e3       0x2c c:/program files (x86)/gnu tools arm embedded/5.4 2016q2/bin/../lib/gcc/arm-none-eabi/5.4.1/armv6-m\libgcc.a(floatunsisf.o)
 .ARM.attributes
                0x0000070f       0x2c c:/program files (x86)/gnu tools arm embedded/5.4 2016q2/bin/../lib/gcc/arm-none-eabi/5.4.1/armv6-m\libgcc.a(adddf3.o)
 .ARM.attributes
                0x0000073b       0x2c c:/program files (x86)/gnu tools arm embedded/5.4 2016q2/bin/../lib/gcc/arm-none-eabi/5.4.1/armv6-m\libgcc.a(divdf3.o)
 .ARM.attributes
                0x00000767       0x2c c:/program files (x86)/gnu tools arm embedded/5.4 2016q2/bin/../lib/gcc/arm-none-eabi/5.4.1/armv6-m\libgcc.a(eqdf2.o)
 .ARM.attributes
                0x00000793       0x2c c:/program files (x86)/gnu tools arm embedded/5.4 2016q2/bin/../lib/gcc/arm-none-eabi/5.4.1/armv6-m\libgcc.a(gedf2.o)
 .ARM.attributes
                0x000007bf       0x2c c:/program files (x86)/gnu tools arm embedded/5.4 2016q2/bin/../lib/gcc/arm-none-eabi/5.4.1/armv6-m\libgcc.a(ledf2.o)
 .ARM.attributes
                0x000007eb       0x2c c:/program files (x86)/gnu tools arm embedded/5.4 2016q2/bin/../lib/gcc/arm-none-eabi/5.4.1/armv6-m\libgcc.a(muldf3.o)
 .ARM.attributes
                0x00000817       0x2c c:/program files (x86)/gnu tools arm embedded/5.4 2016q2/bin/../lib/gcc/arm-none-eabi/5.4.1/armv6-m\libgcc.a(subdf3.o)
 .ARM.attributes
                0x00000843       0x2c c:/program files (x86)/gnu tools arm embedded/5.4 2016q2/bin/../lib/gcc/arm-none-eabi/5.4.1/armv6-m\libgcc.a(unorddf2.o)
 .ARM.attributes
                0x0000086f       0x2c c:/program files (x86)/gnu tools arm embedded/5.4 2016q2/bin/../lib/gcc/arm-none-eabi/5.4.1/armv6-m\libgcc.a(floatsidf.o)
 .ARM.attributes
                0x0000089b       0x2c c:/program files (x86)/gnu tools arm embedded/5.4 2016q2/bin/../lib/gcc/arm-none-eabi/5.4.1/armv6-m\libgcc.a(extendsfdf2.o)
 .ARM.attributes
                0x000008c7       0x2c c:/program files (x86)/gnu tools arm embedded/5.4 2016q2/bin/../lib/gcc/arm-none-eabi/5.4.1/armv6-m\libgcc.a(truncdfsf2.o)
 .ARM.attributes
                0x000008f3       0x2c c:/program files (x86)/gnu tools arm embedded/5.4 2016q2/bin/../lib/gcc/arm-none-eabi/5.4.1/armv6-m\libgcc.a(unwind-arm.o)
 .ARM.attributes
                0x0000091f       0x1e c:/program files (x86)/gnu tools arm embedded/5.4 2016q2/bin/../lib/gcc/arm-none-eabi/5.4.1/armv6-m\libgcc.a(libunwind.o)
 .ARM.attributes
                0x0000093d       0x2c c:/program files (x86)/gnu tools arm embedded/5.4 2016q2/bin/../lib/gcc/arm-none-eabi/5.4.1/armv6-m\libgcc.a(pr-support.o)
 .ARM.attributes
                0x00000969       0x1e c:/program files (x86)/gnu tools arm embedded/5.4 2016q2/bin/../lib/gcc/arm-none-eabi/5.4.1/armv6-m\libgcc.a(_clzsi2.o)
 .ARM.attributes
                0x00000987       0x2c c:/program files (x86)/gnu tools arm embedded/5.4 2016q2/bin/../lib/gcc/arm-none-eabi/5.4.1/../../../../arm-none-eabi/lib/armv6-m\libc_nano.a(lib_a-abort.o)
 .ARM.attributes
                0x000009b3       0x2c c:/program files (x86)/gnu tools arm embedded/5.4 2016q2/bin/../lib/gcc/arm-none-eabi/5.4.1/../../../../arm-none-eabi/lib/armv6-m\libc_nano.a(lib_a-errno.o)
 .ARM.attributes
                0x000009df       0x2c c:/program files (x86)/gnu tools arm embedded/5.4 2016q2/bin/../lib/gcc/arm-none-eabi/5.4.1/../../../../arm-none-eabi/lib/armv6-m\libc_nano.a(lib_a-impure.o)
 .ARM.attributes
                0x00000a0b       0x2c c:/program files (x86)/gnu tools arm embedded/5.4 2016q2/bin/../lib/gcc/arm-none-eabi/5.4.1/../../../../arm-none-eabi/lib/armv6-m\libc_nano.a(lib_a-itoa.o)
 .ARM.attributes
                0x00000a37       0x2c c:/program files (x86)/gnu tools arm embedded/5.4 2016q2/bin/../lib/gcc/arm-none-eabi/5.4.1/../../../../arm-none-eabi/lib/armv6-m\libc_nano.a(lib_a-memcpy-stub.o)
 .ARM.attributes
                0x00000a63       0x2c c:/program files (x86)/gnu tools arm embedded/5.4 2016q2/bin/../lib/gcc/arm-none-eabi/5.4.1/../../../../arm-none-eabi/lib/armv6-m\libc_nano.a(lib_a-reent.o)
 .ARM.attributes
                0x00000a8f       0x2c c:/program files (x86)/gnu tools arm embedded/5.4 2016q2/bin/../lib/gcc/arm-none-eabi/5.4.1/../../../../arm-none-eabi/lib/armv6-m\libc_nano.a(lib_a-signal.o)
 .ARM.attributes
                0x00000abb       0x2c c:/program files (x86)/gnu tools arm embedded/5.4 2016q2/bin/../lib/gcc/arm-none-eabi/5.4.1/../../../../arm-none-eabi/lib/armv6-m\libc_nano.a(lib_a-signalr.o)
 .ARM.attributes
                0x00000ae7       0x2c c:/program files (x86)/gnu tools arm embedded/5.4 2016q2/bin/../lib/gcc/arm-none-eabi/5.4.1/../../../../arm-none-eabi/lib/armv6-m\libc_nano.a(lib_a-sysisatty.o)
 .ARM.attributes
                0x00000b13       0x2c c:/program files (x86)/gnu tools arm embedded/5.4 2016q2/bin/../lib/gcc/arm-none-eabi/5.4.1/../../../../arm-none-eabi/lib/armv6-m\libc_nano.a(lib_a-utoa.o)
 .ARM.attributes
                0x00000b3f       0x2c c:/program files (x86)/gnu tools arm embedded/5.4 2016q2/bin/../lib/gcc/arm-none-eabi/5.4.1/../../../../arm-none-eabi/lib/armv6-m\libc_nano.a(lib_a-nano-freer.o)
 .ARM.attributes
                0x00000b6b       0x2c c:/program files (x86)/gnu tools arm embedded/5.4 2016q2/bin/../lib/gcc/arm-none-eabi/5.4.1/../../../../arm-none-eabi/lib/armv6-m\libc_nano.a(lib_a-nano-mallocr.o)
 .ARM.attributes
                0x00000b97       0x2c c:/program files (x86)/gnu tools arm embedded/5.4 2016q2/bin/../lib/gcc/arm-none-eabi/5.4.1/../../../../arm-none-eabi/lib/armv6-m\libc_nano.a(lib_a-sbrkr.o)
 .ARM.attributes
                0x00000bc3       0x2c c:/program files (x86)/gnu tools arm embedded/5.4 2016q2/bin/../lib/gcc/arm-none-eabi/5.4.1/../../../../arm-none-eabi/lib/armv6-m\libc_nano.a(lib_a-mlock.o)
 *(.gnu.attributes)

.note.gnu.arm.ident
 *(.note.gnu.arm.ident)

/DISCARD/
 *(.note.GNU-stack)
 *(.gnu_debuglink)
                0x00000400                __Stack_Size = 0x400
                [!provide]                PROVIDE (_Stack_Size, __Stack_Size)
                0x20001c00                __Stack_Init = (_estack - __Stack_Size)
                [!provide]                PROVIDE (_Stack_Init, __Stack_Init)
OUTPUT(..\CLionBuildOutput\Debug\barometer.elf.exe elf32-littlearm)
