Archive member included to satisfy reference by file (symbol)

F0DiscoveryDir/libSTM32F0DiscoveryLib.a(stm32f0_discovery.c.obj)
                              CMakeFiles/mainproject.elf.dir/main.cpp.obj (STM_EVAL_LEDInit)
STM32CMSIS/libCMSISFIRMWARE.a(system_stm32f0xx.c.obj)
                              CMakeFiles/mainproject.elf.dir/counter.cpp.obj (SystemCoreClock)
STM32CMSIS/libCMSISFIRMWARE.a(startup_stm32f0xx.s.obj)
                              (Reset_Handler)
STM32_StdPeriph_Driver/libF0StdPerifDriver.a(stm32f0xx_exti.c.obj)
                              F0DiscoveryDir/libSTM32F0DiscoveryLib.a(stm32f0_discovery.c.obj) (EXTI_Init)
STM32_StdPeriph_Driver/libF0StdPerifDriver.a(stm32f0xx_gpio.c.obj)
                              CMakeFiles/mainproject.elf.dir/usart.cpp.obj (GPIO_Init)
STM32_StdPeriph_Driver/libF0StdPerifDriver.a(stm32f0xx_i2c.c.obj)
                              CMakeFiles/mainproject.elf.dir/MS5611.cpp.obj (I2C_Init)
STM32_StdPeriph_Driver/libF0StdPerifDriver.a(stm32f0xx_misc.c.obj)
                              CMakeFiles/mainproject.elf.dir/counter.cpp.obj (NVIC_Init)
STM32_StdPeriph_Driver/libF0StdPerifDriver.a(stm32f0xx_rcc.c.obj)
                              CMakeFiles/mainproject.elf.dir/MS5611.cpp.obj (RCC_I2CCLKConfig)
STM32_StdPeriph_Driver/libF0StdPerifDriver.a(stm32f0xx_syscfg.c.obj)
                              F0DiscoveryDir/libSTM32F0DiscoveryLib.a(stm32f0_discovery.c.obj) (SYSCFG_EXTILineConfig)
STM32_StdPeriph_Driver/libF0StdPerifDriver.a(stm32f0xx_tim.c.obj)
                              CMakeFiles/mainproject.elf.dir/counter.cpp.obj (TIM_TimeBaseInit)
STM32_StdPeriph_Driver/libF0StdPerifDriver.a(stm32f0xx_usart.c.obj)
                              CMakeFiles/mainproject.elf.dir/usart.cpp.obj (USART_Init)
c:/program files (x86)/gnu tools arm embedded/5.4 2016q2/bin/../lib/gcc/arm-none-eabi/5.4.1/../../../../arm-none-eabi/lib/armv6-m\libm.a(lib_a-w_log.o)
                              CMakeFiles/mainproject.elf.dir/MS5611.cpp.obj (log)
c:/program files (x86)/gnu tools arm embedded/5.4 2016q2/bin/../lib/gcc/arm-none-eabi/5.4.1/../../../../arm-none-eabi/lib/armv6-m\libm.a(lib_a-e_log.o)
                              c:/program files (x86)/gnu tools arm embedded/5.4 2016q2/bin/../lib/gcc/arm-none-eabi/5.4.1/../../../../arm-none-eabi/lib/armv6-m\libm.a(lib_a-w_log.o) (__ieee754_log)
c:/program files (x86)/gnu tools arm embedded/5.4 2016q2/bin/../lib/gcc/arm-none-eabi/5.4.1/../../../../arm-none-eabi/lib/armv6-m\libm.a(lib_a-s_lib_ver.o)
                              c:/program files (x86)/gnu tools arm embedded/5.4 2016q2/bin/../lib/gcc/arm-none-eabi/5.4.1/../../../../arm-none-eabi/lib/armv6-m\libm.a(lib_a-w_log.o) (__fdlib_version)
c:/program files (x86)/gnu tools arm embedded/5.4 2016q2/bin/../lib/gcc/arm-none-eabi/5.4.1/../../../../arm-none-eabi/lib/armv6-m\libm.a(lib_a-s_matherr.o)
                              c:/program files (x86)/gnu tools arm embedded/5.4 2016q2/bin/../lib/gcc/arm-none-eabi/5.4.1/../../../../arm-none-eabi/lib/armv6-m\libm.a(lib_a-w_log.o) (matherr)
c:/program files (x86)/gnu tools arm embedded/5.4 2016q2/bin/../lib/gcc/arm-none-eabi/5.4.1/../../../../arm-none-eabi/lib/armv6-m\libm.a(lib_a-s_nan.o)
                              c:/program files (x86)/gnu tools arm embedded/5.4 2016q2/bin/../lib/gcc/arm-none-eabi/5.4.1/../../../../arm-none-eabi/lib/armv6-m\libm.a(lib_a-w_log.o) (nan)
c:/program files (x86)/gnu tools arm embedded/5.4 2016q2/bin/../lib/gcc/arm-none-eabi/5.4.1/armv6-m\libgcc.a(_udivsi3.o)
                              CMakeFiles/mainproject.elf.dir/main.cpp.obj (__aeabi_uidiv)
c:/program files (x86)/gnu tools arm embedded/5.4 2016q2/bin/../lib/gcc/arm-none-eabi/5.4.1/armv6-m\libgcc.a(_dvmd_tls.o)
                              c:/program files (x86)/gnu tools arm embedded/5.4 2016q2/bin/../lib/gcc/arm-none-eabi/5.4.1/armv6-m\libgcc.a(_udivsi3.o) (__aeabi_idiv0)
c:/program files (x86)/gnu tools arm embedded/5.4 2016q2/bin/../lib/gcc/arm-none-eabi/5.4.1/armv6-m\libgcc.a(_arm_cmpdf2.o)
                              c:/program files (x86)/gnu tools arm embedded/5.4 2016q2/bin/../lib/gcc/arm-none-eabi/5.4.1/../../../../arm-none-eabi/lib/armv6-m\libm.a(lib_a-w_log.o) (__aeabi_dcmpeq)
c:/program files (x86)/gnu tools arm embedded/5.4 2016q2/bin/../lib/gcc/arm-none-eabi/5.4.1/armv6-m\libgcc.a(_arm_cmpsf2.o)
                              CMakeFiles/mainproject.elf.dir/MS5611.cpp.obj (__aeabi_fcmplt)
c:/program files (x86)/gnu tools arm embedded/5.4 2016q2/bin/../lib/gcc/arm-none-eabi/5.4.1/armv6-m\libgcc.a(addsf3.o)
                              CMakeFiles/mainproject.elf.dir/MS5611.cpp.obj (__aeabi_fadd)
c:/program files (x86)/gnu tools arm embedded/5.4 2016q2/bin/../lib/gcc/arm-none-eabi/5.4.1/armv6-m\libgcc.a(divsf3.o)
                              CMakeFiles/mainproject.elf.dir/main.cpp.obj (__aeabi_fdiv)
c:/program files (x86)/gnu tools arm embedded/5.4 2016q2/bin/../lib/gcc/arm-none-eabi/5.4.1/armv6-m\libgcc.a(eqsf2.o)
[...]
Memory Configuration

Name             Origin             Length             Attributes
SRAM             0x20000000         0x00002000         xrw
FLASH            0x08000000         0x00010000         xr
*default*        0x00000000         0xffffffff

Linker script and memory map

LOAD CMakeFiles/mainproject.elf.dir/main.cpp.obj
LOAD CMakeFiles/mainproject.elf.dir/counter.cpp.obj
LOAD CMakeFiles/mainproject.elf.dir/C_/Users/Jamie/Documents/GitHub/kookaburra/Try-out/LED/gemeenschappelijk/basis/stm32f0/syscalls_cm0.c.obj
LOAD CMakeFiles/mainproject.elf.dir/usart.cpp.obj
LOAD CMakeFiles/mainproject.elf.dir/MS5611.cpp.obj
LOAD F0DiscoveryDir/libSTM32F0DiscoveryLib.a
LOAD STM32CMSIS/libCMSISFIRMWARE.a
LOAD STM32_StdPeriph_Driver/libF0StdPerifDriver.a
LOAD c:/program files (x86)/gnu tools arm embedded/5.4 2016q2/bin/../lib/gcc/arm-none-eabi/5.4.1/../../../../arm-none-eabi/lib/armv6-m\libstdc++_nano.a
LOAD c:/program files (x86)/gnu tools arm embedded/5.4 2016q2/bin/../lib/gcc/arm-none-eabi/5.4.1/../../../../arm-none-eabi/lib/armv6-m\libm.a
START GROUP
LOAD c:/program files (x86)/gnu tools arm embedded/5.4 2016q2/bin/../lib/gcc/arm-none-eabi/5.4.1/armv6-m\libgcc.a
LOAD c:/program files (x86)/gnu tools arm embedded/5.4 2016q2/bin/../lib/gcc/arm-none-eabi/5.4.1/../../../../arm-none-eabi/lib/armv6-m\libc_nano.a
END GROUP
START GROUP
LOAD c:/program files (x86)/gnu tools arm embedded/5.4 2016q2/bin/../lib/gcc/arm-none-eabi/5.4.1/armv6-m\libgcc.a
LOAD c:/program files (x86)/gnu tools arm embedded/5.4 2016q2/bin/../lib/gcc/arm-none-eabi/5.4.1/../../../../arm-none-eabi/lib/armv6-m\libc_nano.a
END GROUP
                0x20002000                _estack = (ORIGIN (SRAM) + LENGTH (SRAM))
                0x20002000                __TOP_STACK = (ORIGIN (SRAM) + LENGTH (SRAM))
                0x00000096                _Minimum_Stack_Size = 0x96
                0x00000001                ASSERT ((ORIGIN (FLASH) == ALIGN (ORIGIN (FLASH), 0x80)), Start of memory region flash not aligned for startup vector table)

.text           0x08000000     0x44bc
                0x08000000                . = ALIGN (0x80)
                0x00000000                _isr_vector_offs = (. - 0x8000000)
 *(.isr_vector)
 .isr_vector    0x08000000       0xc4 STM32CMSIS/libCMSISFIRMWARE.a(startup_stm32f0xx.s.obj)
                0x08000000                g_pfnVectors
                0x080000c4                . = ALIGN (0x4)
 CREATE_OBJECT_SYMBOLS
 *(.text .text.* .gnu.linkonce.t.*)
 .text.startup.main
                0x080000c4       0xac CMakeFiles/mainproject.elf.dir/main.cpp.obj
                0x080000c4                main
 .text.TIM3_IRQHandler
                0x08000170       0x70 CMakeFiles/mainproject.elf.dir/main.cpp.obj
                0x08000170                TIM3_IRQHandler
 .text.TIM16_IRQHandler
                0x080001e0       0x24 CMakeFiles/mainproject.elf.dir/main.cpp.obj
                0x080001e0                TIM16_IRQHandler
 .text.startup._GLOBAL__sub_I_Timer
                0x08000204       0x1c CMakeFiles/mainproject.elf.dir/main.cpp.obj
 .text._ZN4TimeC2Ev
                0x08000220        0x2 CMakeFiles/mainproject.elf.dir/counter.cpp.obj
                0x08000220                Time::Time()
                0x08000220                Time::Time()
 *fill*         0x08000222        0x2 
 .text._ZN4Time9init_Tim3Et
                0x08000224       0x64 CMakeFiles/mainproject.elf.dir/counter.cpp.obj
                0x08000224                Time::init_Tim3(unsigned short)
 .text._ZN4Time10init_Tim16Et
                0x08000288       0x68 CMakeFiles/mainproject.elf.dir/counter.cpp.obj
                0x08000288                Time::init_Tim16(unsigned short)
 .text._ZN4Time9SetFreq16Ef
                0x080002f0        0xe CMakeFiles/mainproject.elf.dir/counter.cpp.obj
                0x080002f0                Time::SetFreq16(float)
 .text._ZN4Time10GetSecondsEv
                0x080002fe        0x4 CMakeFiles/mainproject.elf.dir/counter.cpp.obj
                0x080002fe                Time::GetSeconds()
 *fill*         0x08000302        0x2 
 .text._kill    0x08000304       0x10 CMakeFiles/mainproject.elf.dir/C_/Users/Jamie/Documents/GitHub/kookaburra/Try-out/LED/gemeenschappelijk/basis/stm32f0/syscalls_cm0.c.obj
                0x08000304                _kill
 .text._exit    0x08000314        0x2 CMakeFiles/mainproject.elf.dir/C_/Users/Jamie/Documents/GitHub/kookaburra/Try-out/LED/gemeenschappelijk/basis/stm32f0/syscalls_cm0.c.obj
                0x08000314                _exit
 .text._getpid  0x08000316        0x4 CMakeFiles/mainproject.elf.dir/C_/Users/Jamie/Documents/GitHub/kookaburra/Try-out/LED/gemeenschappelijk/basis/stm32f0/syscalls_cm0.c.obj
                0x08000316                _getpid
 .text._ZN6MS5611C2Eh
                0x0800031a        0x4 CMakeFiles/mainproject.elf.dir/MS5611.cpp.obj
                0x0800031a                MS5611::MS5611(unsigned char)
                0x0800031a                MS5611::MS5611(unsigned char)
 *fill*         0x0800031e        0x2 
 .text._ZN6MS561110initializeEv
                0x08000320       0x90 CMakeFiles/mainproject.elf.dir/MS5611.cpp.obj
                0x08000320                MS5611::initialize()
 .text._ZN6MS561110toAltitudeEf
                0x080003b0       0x40 CMakeFiles/mainproject.elf.dir/MS5611.cpp.obj
                0x080003b0                MS5611::toAltitude(float)
 .text._ZN6MS561111getAltitudeEv
                0x080003f0       0x14 CMakeFiles/mainproject.elf.dir/MS5611.cpp.obj
                0x080003f0                MS5611::getAltitude()
 .text.STM_EVAL_LEDInit
                0x08000404       0x40 F0DiscoveryDir/libSTM32F0DiscoveryLib.a(stm32f0_discovery.c.obj)
                0x08000404                STM_EVAL_LEDInit
 .text.STM_EVAL_LEDToggle
                0x08000444       0x1c F0DiscoveryDir/libSTM32F0DiscoveryLib.a(stm32f0_discovery.c.obj)
                0x08000444                STM_EVAL_LEDToggle
 .text.SystemInit
                0x08000460       0xf8 STM32CMSIS/libCMSISFIRMWARE.a(system_stm32f0xx.c.obj)
                0x08000460                SystemInit
 .text.Reset_Handler
                0x08000558       0x44 STM32CMSIS/libCMSISFIRMWARE.a(startup_stm32f0xx.s.obj)
                0x08000558                Reset_Handler
 .text.Default_Handler
                0x0800059c        0x2 STM32CMSIS/libCMSISFIRMWARE.a(startup_stm32f0xx.s.obj)
                0x0800059c                TIM1_CC_IRQHandler
                0x0800059c                HardFault_Handler
                0x0800059c                ADC1_COMP_IRQHandler
                0x0800059c                SysTick_Handler
                0x0800059c                PVD_IRQHandler
                0x0800059c                PendSV_Handler
                0x0800059c                NMI_Handler
                0x0800059c                I2C1_IRQHandler
                0x0800059c                SPI1_IRQHandler
                0x0800059c                TIM6_DAC_IRQHandler
                0x0800059c                EXTI2_3_IRQHandler
                0x0800059c                I2C2_IRQHandler
                0x0800059c                TIM17_IRQHandler
                0x0800059c                RTC_IRQHandler
                0x0800059c                EXTI4_15_IRQHandler
                0x0800059c                RCC_IRQHandler
                0x0800059c                DMA1_Channel1_IRQHandler
                0x0800059c                Default_Handler
                0x0800059c                CEC_IRQHandler
                0x0800059c                TIM14_IRQHandler
                0x0800059c                DMA1_Channel4_5_IRQHandler
                0x0800059c                TIM15_IRQHandler
                0x0800059c                EXTI0_1_IRQHandler
                0x0800059c                SPI2_IRQHandler
                0x0800059c                SVC_Handler
                0x0800059c                TS_IRQHandler
                0x0800059c                WWDG_IRQHandler
                0x0800059c                TIM2_IRQHandler
                0x0800059c                DMA1_Channel2_3_IRQHandler
                0x0800059c                USART2_IRQHandler
                0x0800059c                FLASH_IRQHandler
                0x0800059c                USART1_IRQHandler
                0x0800059c                TIM1_BRK_UP_TRG_COM_IRQHandler
 .text.GPIO_Init
                0x0800059e       0x76 STM32_StdPeriph_Driver/libF0StdPerifDriver.a(stm32f0xx_gpio.c.obj)
                0x0800059e                GPIO_Init
 .text.GPIO_StructInit
                0x08000614       0x18 STM32_StdPeriph_Driver/libF0StdPerifDriver.a(stm32f0xx_gpio.c.obj)
                0x08000614                GPIO_StructInit
 .text.GPIO_PinAFConfig
                0x0800062c       0x22 STM32_StdPeriph_Driver/libF0StdPerifDriver.a(stm32f0xx_gpio.c.obj)
                0x0800062c                GPIO_PinAFConfig
 *fill*         0x0800064e        0x2 
 .text.I2C_Init
                0x08000650       0x64 STM32_StdPeriph_Driver/libF0StdPerifDriver.a(stm32f0xx_i2c.c.obj)
                0x08000650                I2C_Init
 .text.I2C_StructInit
                0x080006b4       0x16 STM32_StdPeriph_Driver/libF0StdPerifDriver.a(stm32f0xx_i2c.c.obj)
                0x080006b4                I2C_StructInit
 .text.I2C_Cmd  0x080006ca       0x12 STM32_StdPeriph_Driver/libF0StdPerifDriver.a(stm32f0xx_i2c.c.obj)
                0x080006ca                I2C_Cmd
 .text.NVIC_Init
                0x080006dc       0x58 STM32_StdPeriph_Driver/libF0StdPerifDriver.a(stm32f0xx_misc.c.obj)
                0x080006dc                NVIC_Init
 .text.RCC_I2CCLKConfig
                0x08000734       0x18 STM32_StdPeriph_Driver/libF0StdPerifDriver.a(stm32f0xx_rcc.c.obj)
                0x08000734                RCC_I2CCLKConfig
 .text.RCC_GetClocksFreq
                0x0800074c       0xe0 STM32_StdPeriph_Driver/libF0StdPerifDriver.a(stm32f0xx_rcc.c.obj)
                0x0800074c                RCC_GetClocksFreq
 .text.RCC_AHBPeriphClockCmd
                0x0800082c       0x18 STM32_StdPeriph_Driver/libF0StdPerifDriver.a(stm32f0xx_rcc.c.obj)
                0x0800082c                RCC_AHBPeriphClockCmd
 .text.RCC_APB2PeriphClockCmd
                0x08000844       0x18 STM32_StdPeriph_Driver/libF0StdPerifDriver.a(stm32f0xx_rcc.c.obj)
                0x08000844                RCC_APB2PeriphClockCmd
 .text.RCC_APB1PeriphClockCmd
                0x0800085c       0x18 STM32_StdPeriph_Driver/libF0StdPerifDriver.a(stm32f0xx_rcc.c.obj)
                0x0800085c                RCC_APB1PeriphClockCmd
 .text.TIM_TimeBaseInit
                0x08000874       0x78 STM32_StdPeriph_Driver/libF0StdPerifDriver.a(stm32f0xx_tim.c.obj)
                0x08000874                TIM_TimeBaseInit
 .text.TIM_Cmd  0x080008ec       0x12 STM32_StdPeriph_Driver/libF0StdPerifDriver.a(stm32f0xx_tim.c.obj)
                0x080008ec                TIM_Cmd
 .text.TIM_GetITStatus
                0x080008fe       0x16 STM32_StdPeriph_Driver/libF0StdPerifDriver.a(stm32f0xx_tim.c.obj)
                0x080008fe                TIM_GetITStatus
 .text.TIM_ClearITPendingBit
                0x08000914        0x8 STM32_StdPeriph_Driver/libF0StdPerifDriver.a(stm32f0xx_tim.c.obj)
                0x08000914                TIM_ClearITPendingBit
 .text.TIM_DMACmd
                0x0800091c       0x12 STM32_StdPeriph_Driver/libF0StdPerifDriver.a(stm32f0xx_tim.c.obj)
                0x0800091c                TIM_DMACmd
 .text.TIM_ITConfig
                0x0800092e        0x8 STM32_StdPeriph_Driver/libF0StdPerifDriver.a(stm32f0xx_tim.c.obj)
                0x0800092e                TIM_ITConfig
 *fill*         0x08000936        0x2 
 .text.log      0x08000938      0x110 c:/program files (x86)/gnu tools arm embedded/5.4 2016q2/bin/../lib/gcc/arm-none-eabi/5.4.1/../../../../arm-none-eabi/lib/armv6-m\libm.a(lib_a-w_log.o)
                0x08000938                log
 .text.__ieee754_log
                0x08000a48      0x404 c:/program files (x86)/gnu tools arm embedded/5.4 2016q2/bin/../lib/gcc/arm-none-eabi/5.4.1/../../../../arm-none-eabi/lib/armv6-m\libm.a(lib_a-e_log.o)
                0x08000a48                __ieee754_log
 .text.matherr  0x08000e4c        0x4 c:/program files (x86)/gnu tools arm embedded/5.4 2016q2/bin/../lib/gcc/arm-none-eabi/5.4.1/../../../../arm-none-eabi/lib/armv6-m\libm.a(lib_a-s_matherr.o)
                0x08000e4c                matherr
 .text.nan      0x08000e50        0xc c:/program files (x86)/gnu tools arm embedded/5.4 2016q2/bin/../lib/gcc/arm-none-eabi/5.4.1/../../../../arm-none-eabi/lib/armv6-m\libm.a(lib_a-s_nan.o)
                0x08000e50                nan
 .text          0x08000e5c      0x114 c:/program files (x86)/gnu tools arm embedded/5.4 2016q2/bin/../lib/gcc/arm-none-eabi/5.4.1/armv6-m\libgcc.a(_udivsi3.o)
                0x08000e5c                __aeabi_uidiv
                0x08000e5c                __udivsi3
                0x08000f68                __aeabi_uidivmod
 .text          0x08000f70        0x4 c:/program files (x86)/gnu tools arm embedded/5.4 2016q2/bin/../lib/gcc/arm-none-eabi/5.4.1/armv6-m\libgcc.a(_dvmd_tls.o)
                0x08000f70                __aeabi_idiv0
                0x08000f70                __aeabi_ldiv0
 .text          0x08000f74       0x7c c:/program files (x86)/gnu tools arm embedded/5.4 2016q2/bin/../lib/gcc/arm-none-eabi/5.4.1/armv6-m\libgcc.a(_arm_cmpdf2.o)
                0x08000f74                __aeabi_cdrcmple
                0x08000f84                __aeabi_cdcmple
                0x08000f84                __aeabi_cdcmpeq
                0x08000f94                __aeabi_dcmpeq
                0x08000fa0                __aeabi_dcmplt
                0x08000fb4                __aeabi_dcmple
                0x08000fc8                __aeabi_dcmpgt
                0x08000fdc                __aeabi_dcmpge
 .text          0x08000ff0      0x234 c:/program files (x86)/gnu tools arm embedded/5.4 2016q2/bin/../lib/gcc/arm-none-eabi/5.4.1/armv6-m\libgcc.a(divsf3.o)
                0x08000ff0                __aeabi_fdiv
 .text          0x08001224      0x228 c:/program files (x86)/gnu tools arm embedded/5.4 2016q2/bin/../lib/gcc/arm-none-eabi/5.4.1/armv6-m\libgcc.a(mulsf3.o)
                0x08001224                __aeabi_fmul
 .text          0x0800144c      0x30c c:/program files (x86)/gnu tools arm embedded/5.4 2016q2/bin/../lib/gcc/arm-none-eabi/5.4.1/armv6-m\libgcc.a(subsf3.o)
                0x0800144c                __aeabi_fsub
 .text          0x08001758       0x44 c:/program files (x86)/gnu tools arm embedded/5.4 2016q2/bin/../lib/gcc/arm-none-eabi/5.4.1/armv6-m\libgcc.a(fixsfsi.o)
                0x08001758                __aeabi_f2iz
 .text          0x0800179c      0x658 c:/program files (x86)/gnu tools arm embedded/5.4 2016q2/bin/../lib/gcc/arm-none-eabi/5.4.1/armv6-m\libgcc.a(adddf3.o)
                0x0800179c                __aeabi_dadd
 .text          0x08001df4      0x62c c:/program files (x86)/gnu tools arm embedded/5.4 2016q2/bin/../lib/gcc/arm-none-eabi/5.4.1/armv6-m\libgcc.a(divdf3.o)
                0x08001df4                __aeabi_ddiv
 .text          0x08002420       0x80 c:/program files (x86)/gnu tools arm embedded/5.4 2016q2/bin/../lib/gcc/arm-none-eabi/5.4.1/armv6-m\libgcc.a(eqdf2.o)
                0x08002420                __nedf2
                0x08002420                __eqdf2
 .text          0x080024a0       0xc8 c:/program files (x86)/gnu tools arm embedded/5.4 2016q2/bin/../lib/gcc/arm-none-eabi/5.4.1/armv6-m\libgcc.a(gedf2.o)
                0x080024a0                __gedf2
                0x080024a0                __gtdf2
 .text          0x08002568       0xd4 c:/program files (x86)/gnu tools arm embedded/5.4 2016q2/bin/../lib/gcc/arm-none-eabi/5.4.1/armv6-m\libgcc.a(ledf2.o)
                0x08002568                __ledf2
                0x08002568                __ltdf2
 .text          0x0800263c      0x4f4 c:/program files (x86)/gnu tools arm embedded/5.4 2016q2/bin/../lib/gcc/arm-none-eabi/5.4.1/armv6-m\libgcc.a(muldf3.o)
                0x0800263c                __aeabi_dmul
 .text          0x08002b30      0x6a8 c:/program files (x86)/gnu tools arm embedded/5.4 2016q2/bin/../lib/gcc/arm-none-eabi/5.4.1/armv6-m\libgcc.a(subdf3.o)
                0x08002b30                __aeabi_dsub
 .text          0x080031d8       0x40 c:/program files (x86)/gnu tools arm embedded/5.4 2016q2/bin/../lib/gcc/arm-none-eabi/5.4.1/armv6-m\libgcc.a(unorddf2.o)
                0x080031d8                __aeabi_dcmpun
 .text          0x08003218       0x84 c:/program files (x86)/gnu tools arm embedded/5.4 2016q2/bin/../lib/gcc/arm-none-eabi/5.4.1/armv6-m\libgcc.a(floatsidf.o)
                0x08003218                __aeabi_i2d
 .text          0x0800329c       0xa8 c:/program files (x86)/gnu tools arm embedded/5.4 2016q2/bin/../lib/gcc/arm-none-eabi/5.4.1/armv6-m\libgcc.a(extendsfdf2.o)
                0x0800329c                __aeabi_f2d
 .text          0x08003344      0x118 c:/program files (x86)/gnu tools arm embedded/5.4 2016q2/bin/../lib/gcc/arm-none-eabi/5.4.1/armv6-m\libgcc.a(truncdfsf2.o)
                0x08003344                __aeabi_d2f
 .text          0x0800345c      0xa3c c:/program files (x86)/gnu tools arm embedded/5.4 2016q2/bin/../lib/gcc/arm-none-eabi/5.4.1/armv6-m\libgcc.a(unwind-arm.o)
                0x08003734                _Unwind_GetCFA
                0x08003738                __gnu_Unwind_RaiseException
                0x0800378c                __gnu_Unwind_ForcedUnwind
                0x080037a0                __gnu_Unwind_Resume
                0x080037e8                __gnu_Unwind_Resume_or_Rethrow
                0x08003804                _Unwind_Complete
                0x08003808                _Unwind_DeleteException
                0x08003818                _Unwind_VRS_Get
                0x08003864                _Unwind_VRS_Set
                0x080038b0                __gnu_Unwind_Backtrace
                0x08003c10                __aeabi_unwind_cpp_pr0
                0x08003c1c                __aeabi_unwind_cpp_pr1
                0x08003c28                __aeabi_unwind_cpp_pr2
                0x08003c34                _Unwind_VRS_Pop
 .text          0x08003e98      0x144 c:/program files (x86)/gnu tools arm embedded/5.4 2016q2/bin/../lib/gcc/arm-none-eabi/5.4.1/armv6-m\libgcc.a(libunwind.o)
                0x08003e98                __restore_core_regs
                0x08003e98                restore_core_regs
                0x08003ec4                __gnu_Unwind_Restore_VFP
                0x08003ec8                __gnu_Unwind_Save_VFP
                0x08003ecc                __gnu_Unwind_Restore_VFP_D
                0x08003ed0                __gnu_Unwind_Save_VFP_D
                0x08003ed4                __gnu_Unwind_Restore_VFP_D_16_to_31
                0x08003ed8                __gnu_Unwind_Save_VFP_D_16_to_31
                0x08003edc                __gnu_Unwind_Restore_WMMXD
                0x08003ee0                __gnu_Unwind_Save_WMMXD
                0x08003ee4                __gnu_Unwind_Restore_WMMXC
                0x08003ee8                __gnu_Unwind_Save_WMMXC
                0x08003eec                ___Unwind_RaiseException
                0x08003eec                _Unwind_RaiseException
                0x08003f1c                _Unwind_Resume
                0x08003f1c                ___Unwind_Resume
                0x08003f4c                _Unwind_Resume_or_Rethrow
                0x08003f4c                ___Unwind_Resume_or_Rethrow
                0x08003f7c                _Unwind_ForcedUnwind
                0x08003f7c                ___Unwind_ForcedUnwind
                0x08003fac                ___Unwind_Backtrace
                0x08003fac                _Unwind_Backtrace
 .text          0x08003fdc      0x3b0 c:/program files (x86)/gnu tools arm embedded/5.4 2016q2/bin/../lib/gcc/arm-none-eabi/5.4.1/armv6-m\libgcc.a(pr-support.o)
                0x08004030                __gnu_unwind_execute
                0x08004334                __gnu_unwind_frame
                0x0800435c                _Unwind_GetRegionStart
                0x08004368                _Unwind_GetLanguageSpecificData
                0x0800437c                _Unwind_GetTextRelBase
                0x08004384                _Unwind_GetDataRelBase
 .text          0x0800438c       0x3c c:/program files (x86)/gnu tools arm embedded/5.4 2016q2/bin/../lib/gcc/arm-none-eabi/5.4.1/armv6-m\libgcc.a(_clzsi2.o)
                0x0800438c                __clzsi2
 .text.abort    0x080043c8        0xe c:/program files (x86)/gnu tools arm embedded/5.4 2016q2/bin/../lib/gcc/arm-none-eabi/5.4.1/../../../../arm-none-eabi/lib/armv6-m\libc_nano.a(lib_a-abort.o)
                0x080043c8                abort
 *fill*         0x080043d6        0x2 
 .text.__errno  0x080043d8        0xc c:/program files (x86)/gnu tools arm embedded/5.4 2016q2/bin/../lib/gcc/arm-none-eabi/5.4.1/../../../../arm-none-eabi/lib/armv6-m\libc_nano.a(lib_a-errno.o)
                0x080043d8                __errno
 .text.memcpy   0x080043e4       0x12 c:/program files (x86)/gnu tools arm embedded/5.4 2016q2/bin/../lib/gcc/arm-none-eabi/5.4.1/../../../../arm-none-eabi/lib/armv6-m\libc_nano.a(lib_a-memcpy-stub.o)
                0x080043e4                memcpy
 .text._raise_r
                0x080043f6       0x54 c:/program files (x86)/gnu tools arm embedded/5.4 2016q2/bin/../lib/gcc/arm-none-eabi/5.4.1/../../../../arm-none-eabi/lib/armv6-m\libc_nano.a(lib_a-signal.o)
                0x080043f6                _raise_r
 *fill*         0x0800444a        0x2 
 .text.raise    0x0800444c       0x14 c:/program files (x86)/gnu tools arm embedded/5.4 2016q2/bin/../lib/gcc/arm-none-eabi/5.4.1/../../../../arm-none-eabi/lib/armv6-m\libc_nano.a(lib_a-signal.o)
                0x0800444c                raise
 .text._kill_r  0x08004460       0x24 c:/program files (x86)/gnu tools arm embedded/5.4 2016q2/bin/../lib/gcc/arm-none-eabi/5.4.1/../../../../arm-none-eabi/lib/armv6-m\libc_nano.a(lib_a-signalr.o)
                0x08004460                _kill_r
 .text._getpid_r
                0x08004484        0x8 c:/program files (x86)/gnu tools arm embedded/5.4 2016q2/bin/../lib/gcc/arm-none-eabi/5.4.1/../../../../arm-none-eabi/lib/armv6-m\libc_nano.a(lib_a-signalr.o)
                0x08004484                _getpid_r
 *(.plt)
 *(.gnu.warning)
 *(.glue_7t)
 .glue_7t       0x0800448c        0x0 linker stubs
 *(.glue_7)
 .glue_7        0x0800448c        0x0 linker stubs
 *(.vfp11_veneer)
 .vfp11_veneer  0x0800448c        0x0 linker stubs
 *(.ARM.extab* .gnu.linkonce.armextab.*)
 .ARM.extab     0x0800448c       0x24 c:/program files (x86)/gnu tools arm embedded/5.4 2016q2/bin/../lib/gcc/arm-none-eabi/5.4.1/armv6-m\libgcc.a(unwind-arm.o)
 .ARM.extab     0x080044b0        0xc c:/program files (x86)/gnu tools arm embedded/5.4 2016q2/bin/../lib/gcc/arm-none-eabi/5.4.1/armv6-m\libgcc.a(pr-support.o)
 *(.gcc_except_table)

.v4_bx          0x080044bc        0x0
 .v4_bx         0x080044bc        0x0 linker stubs

.iplt           0x080044bc        0x0
 .iplt          0x080044bc        0x0 CMakeFiles/mainproject.elf.dir/main.cpp.obj

.eh_frame_hdr
 *(.eh_frame_hdr)

.eh_frame
 *(.eh_frame)
                0x080044bc                __exidx_start = .

.ARM.exidx      0x080044bc       0xd8
 *(.ARM.exidx* .gnu.linkonce.armexidx.*)
 .ARM.exidx.text._kill
                0x080044bc        0x8 CMakeFiles/mainproject.elf.dir/C_/Users/Jamie/Documents/GitHub/kookaburra/Try-out/LED/gemeenschappelijk/basis/stm32f0/syscalls_cm0.c.obj
 .ARM.exidx.text._exit
                0x080044c4        0x0 CMakeFiles/mainproject.elf.dir/C_/Users/Jamie/Documents/GitHub/kookaburra/Try-out/LED/gemeenschappelijk/basis/stm32f0/syscalls_cm0.c.obj
                                  0x8 (size before relaxing)
 .ARM.exidx.text._getpid
                0x080044c4        0x0 CMakeFiles/mainproject.elf.dir/C_/Users/Jamie/Documents/GitHub/kookaburra/Try-out/LED/gemeenschappelijk/basis/stm32f0/syscalls_cm0.c.obj
                                  0x8 (size before relaxing)
 .ARM.exidx.text.STM_EVAL_LEDInit
                0x080044c4        0x8 F0DiscoveryDir/libSTM32F0DiscoveryLib.a(stm32f0_discovery.c.obj)
 .ARM.exidx.text.STM_EVAL_LEDToggle
                0x080044cc        0x8 F0DiscoveryDir/libSTM32F0DiscoveryLib.a(stm32f0_discovery.c.obj)
 .ARM.exidx.text.SystemInit
                0x080044d4        0x0 STM32CMSIS/libCMSISFIRMWARE.a(system_stm32f0xx.c.obj)
                                  0x8 (size before relaxing)
 .ARM.exidx.text.GPIO_Init
                0x080044d4        0x0 STM32_StdPeriph_Driver/libF0StdPerifDriver.a(stm32f0xx_gpio.c.obj)
                                  0x8 (size before relaxing)
 .ARM.exidx.text.GPIO_StructInit
                0x080044d4        0x0 STM32_StdPeriph_Driver/libF0StdPerifDriver.a(stm32f0xx_gpio.c.obj)
                                  0x8 (size before relaxing)
 .ARM.exidx.text.GPIO_PinAFConfig
                0x080044d4        0x0 STM32_StdPeriph_Driver/libF0StdPerifDriver.a(stm32f0xx_gpio.c.obj)
                                  0x8 (size before relaxing)
 .ARM.exidx.text.I2C_Init
                0x080044d4        0x0 STM32_StdPeriph_Driver/libF0StdPerifDriver.a(stm32f0xx_i2c.c.obj)
                                  0x8 (size before relaxing)
 .ARM.exidx.text.I2C_StructInit
                0x080044d4        0x0 STM32_StdPeriph_Driver/libF0StdPerifDriver.a(stm32f0xx_i2c.c.obj)
                                  0x8 (size before relaxing)
 .ARM.exidx.text.I2C_Cmd
                0x080044d4        0x0 STM32_StdPeriph_Driver/libF0StdPerifDriver.a(stm32f0xx_i2c.c.obj)
                                  0x8 (size before relaxing)
 .ARM.exidx.text.NVIC_Init
                0x080044d4        0x0 STM32_StdPeriph_Driver/libF0StdPerifDriver.a(stm32f0xx_misc.c.obj)
                                  0x8 (size before relaxing)
 .ARM.exidx.text.RCC_I2CCLKConfig
                0x080044d4        0x0 STM32_StdPeriph_Driver/libF0StdPerifDriver.a(stm32f0xx_rcc.c.obj)
                                  0x8 (size before relaxing)
 .ARM.exidx.text.RCC_GetClocksFreq
                0x080044d4        0x0 STM32_StdPeriph_Driver/libF0StdPerifDriver.a(stm32f0xx_rcc.c.obj)
                                  0x8 (size before relaxing)
 .ARM.exidx.text.RCC_AHBPeriphClockCmd
                0x080044d4        0x0 STM32_StdPeriph_Driver/libF0StdPerifDriver.a(stm32f0xx_rcc.c.obj)
                                  0x8 (size before relaxing)
 .ARM.exidx.text.RCC_APB2PeriphClockCmd
                0x080044d4        0x0 STM32_StdPeriph_Driver/libF0StdPerifDriver.a(stm32f0xx_rcc.c.obj)
                                  0x8 (size before relaxing)
 .ARM.exidx.text.RCC_APB1PeriphClockCmd
                0x080044d4        0x0 STM32_StdPeriph_Driver/libF0StdPerifDriver.a(stm32f0xx_rcc.c.obj)
                                  0x8 (size before relaxing)
 .ARM.exidx.text.TIM_TimeBaseInit
                0x080044d4        0x0 STM32_StdPeriph_Driver/libF0StdPerifDriver.a(stm32f0xx_tim.c.obj)
                                  0x8 (size before relaxing)
 .ARM.exidx.text.TIM_Cmd
                0x080044d4        0x0 STM32_StdPeriph_Driver/libF0StdPerifDriver.a(stm32f0xx_tim.c.obj)
                                  0x8 (size before relaxing)
 .ARM.exidx.text.TIM_GetITStatus
                0x080044d4        0x0 STM32_StdPeriph_Driver/libF0StdPerifDriver.a(stm32f0xx_tim.c.obj)
                                  0x8 (size before relaxing)
 .ARM.exidx.text.TIM_ClearITPendingBit
                0x080044d4        0x0 STM32_StdPeriph_Driver/libF0StdPerifDriver.a(stm32f0xx_tim.c.obj)
                                  0x8 (size before relaxing)
 .ARM.exidx.text.TIM_DMACmd
                0x080044d4        0x0 STM32_StdPeriph_Driver/libF0StdPerifDriver.a(stm32f0xx_tim.c.obj)
                                  0x8 (size before relaxing)
 .ARM.exidx.text.TIM_ITConfig
                0x080044d4        0x0 STM32_StdPeriph_Driver/libF0StdPerifDriver.a(stm32f0xx_tim.c.obj)
                                  0x8 (size before relaxing)
 .ARM.exidx     0x080044d4       0x90 c:/program files (x86)/gnu tools arm embedded/5.4 2016q2/bin/../lib/gcc/arm-none-eabi/5.4.1/armv6-m\libgcc.a(unwind-arm.o)
                                 0xd8 (size before relaxing)
 .ARM.exidx     0x08004564       0x30 c:/program files (x86)/gnu tools arm embedded/5.4 2016q2/bin/../lib/gcc/arm-none-eabi/5.4.1/armv6-m\libgcc.a(pr-support.o)
                                 0x48 (size before relaxing)
                0x08004594                __exidx_end = .

.rel.dyn        0x08004594        0x0
 .rel.iplt      0x08004594        0x0 CMakeFiles/mainproject.elf.dir/main.cpp.obj

.rodata         0x08004594      0x15c
 *(.cortexm3vectors)
 *(.rodata .rodata.* .gnu.linkonce.r.*)
 .rodata._ZL8GPIO_CLK
                0x08004594        0x8 F0DiscoveryDir/libSTM32F0DiscoveryLib.a(stm32f0_discovery.c.obj)
 .rodata._ZL8GPIO_PIN
                0x0800459c        0x4 F0DiscoveryDir/libSTM32F0DiscoveryLib.a(stm32f0_discovery.c.obj)
 .rodata.str1.4
                0x080045a0        0x8 c:/program files (x86)/gnu tools arm embedded/5.4 2016q2/bin/../lib/gcc/arm-none-eabi/5.4.1/../../../../arm-none-eabi/lib/armv6-m\libm.a(lib_a-w_log.o)
                                  0x5 (size before relaxing)
 .rodata        0x080045a8       0x80 c:/program files (x86)/gnu tools arm embedded/5.4 2016q2/bin/../lib/gcc/arm-none-eabi/5.4.1/armv6-m\libgcc.a(divsf3.o)
 .rodata        0x08004628       0x40 c:/program files (x86)/gnu tools arm embedded/5.4 2016q2/bin/../lib/gcc/arm-none-eabi/5.4.1/armv6-m\libgcc.a(mulsf3.o)
 .rodata        0x08004668       0x40 c:/program files (x86)/gnu tools arm embedded/5.4 2016q2/bin/../lib/gcc/arm-none-eabi/5.4.1/armv6-m\libgcc.a(divdf3.o)
 .rodata        0x080046a8       0x40 c:/program files (x86)/gnu tools arm embedded/5.4 2016q2/bin/../lib/gcc/arm-none-eabi/5.4.1/armv6-m\libgcc.a(muldf3.o)
 .rodata.str1.1
                0x080046e8        0x2 c:/program files (x86)/gnu tools arm embedded/5.4 2016q2/bin/../lib/gcc/arm-none-eabi/5.4.1/../../../../arm-none-eabi/lib/armv6-m\libc_nano.a(lib_a-impure.o)
                0x080046ec                . = ALIGN (0x4)
 *fill*         0x080046ea        0x2 
 *(.init)
                0x080046ec                . = ALIGN (0x4)
                0x080046ec                __preinit_array_start = .
 *(.preinit_array)
                0x080046ec                __preinit_array_end = .
                0x080046ec                . = ALIGN (0x4)
                0x080046ec                __init_array_start = .
 *(SORT(.init_array.*))
 *(.init_array)
 .init_array    0x080046ec        0x4 CMakeFiles/mainproject.elf.dir/main.cpp.obj
                0x080046f0                __init_array_end = .
                0x080046f0                . = ALIGN (0x4)
 *(.fini)
                0x080046f0                . = ALIGN (0x4)
                0x080046f0                __fini_array_start = .
 *(.fini_array)
 *(SORT(.fini_array.*))
                0x080046f0                __fini_array_end = .
                0x080046f0                . = ALIGN (0x4)
 *crtbegin.o(.ctors)
 *(EXCLUDE_FILE(*crtend.o) .ctors)
 *(SORT(.ctors.*))
 *crtend.o(.ctors)
                0x080046f0                . = ALIGN (0x4)
 *crtbegin.o(.dtors)
 *(EXCLUDE_FILE(*crtend.o) .dtors)
 *(SORT(.dtors.*))
 *crtend.o(.dtors)
 *(.init .init.*)
 *(.fini .fini.*)
                [!provide]                PROVIDE (__preinit_array_start, .)
 *(.preinit_array)
                [!provide]                PROVIDE (__preinit_array_end, .)
                [!provide]                PROVIDE (__init_array_start, .)
 *(SORT(.init_array.*))
 *(.init_array)
                [!provide]                PROVIDE (__init_array_end, .)
                [!provide]                PROVIDE (__fini_array_start, .)
 *(.fini_array)
 *(SORT(.fini_array.*))
                [!provide]                PROVIDE (__fini_array_end, .)
                0x080046f0                . = ALIGN (0x8)
 *(.rom)
 *(.rom.b)
                0x080046f0                _etext = .
                0x080046f0                _sidata = _etext

.data           0x20000000       0x88 load address 0x080046f0
                0x20000000                _sdata = .
                0x20000000                _data = .
                0x20000000                . = ALIGN (0x80)
                0x00000000                _isr_vectorsram_offs = (. - 0x20000000)
 *(.isr_vectorsram)
                0x20000000                . = ALIGN (0x4)
 *(.jcr)
 *(.got.plt)
 *(.got)
 *(.shdata)
 *(.data .data.* .gnu.linkonce.d.*)
 .data.GPIO_PORT
                0x20000000        0x8 F0DiscoveryDir/libSTM32F0DiscoveryLib.a(stm32f0_discovery.c.obj)
                0x20000000                GPIO_PORT
 .data.SystemCoreClock
                0x20000008        0x4 STM32CMSIS/libCMSISFIRMWARE.a(system_stm32f0xx.c.obj)
                0x20000008                SystemCoreClock
 .data._ZL16APBAHBPrescTable
                0x2000000c       0x10 STM32_StdPeriph_Driver/libF0StdPerifDriver.a(stm32f0xx_rcc.c.obj)
 .data.__fdlib_version
                0x2000001c        0x1 c:/program files (x86)/gnu tools arm embedded/5.4 2016q2/bin/../lib/gcc/arm-none-eabi/5.4.1/../../../../arm-none-eabi/lib/armv6-m\libm.a(lib_a-s_lib_ver.o)
                0x2000001c                __fdlib_version
 *fill*         0x2000001d        0x3 
 .data.impure_data
                0x20000020       0x60 c:/program files (x86)/gnu tools arm embedded/5.4 2016q2/bin/../lib/gcc/arm-none-eabi/5.4.1/../../../../arm-none-eabi/lib/armv6-m\libc_nano.a(lib_a-impure.o)
 .data._impure_ptr
                0x20000080        0x4 c:/program files (x86)/gnu tools arm embedded/5.4 2016q2/bin/../lib/gcc/arm-none-eabi/5.4.1/../../../../arm-none-eabi/lib/armv6-m\libc_nano.a(lib_a-impure.o)
                0x20000080                _impure_ptr
                0x20000088                . = ALIGN (0x8)
 *fill*         0x20000084        0x4 
 *(.ram)
 *(.ramfunc*)
                0x20000088                . = ALIGN (0x4)
                0x20000088                _edata = .

.igot.plt       0x20000088        0x0 load address 0x08004778
 .igot.plt      0x20000088        0x0 CMakeFiles/mainproject.elf.dir/main.cpp.obj

.bss            0x20000088       0x58 load address 0x08004778
                0x20000088                . = ALIGN (0x4)
                0x20000088                _bss = .
                0x20000088                _sbss = .
                0x20000088                __bss_start__ = .
 *(.shbss)
 *(.bss .bss.* .gnu.linkonce.b.*)
 .bss.AltSpeed  0x20000088        0x4 CMakeFiles/mainproject.elf.dir/main.cpp.obj
                0x20000088                AltSpeed
 .bss.Time1     0x2000008c        0x4 CMakeFiles/mainproject.elf.dir/main.cpp.obj
                0x2000008c                Time1
 .bss.Time2     0x20000090        0x4 CMakeFiles/mainproject.elf.dir/main.cpp.obj
                0x20000090                Time2
 .bss.Barometer
                0x20000094       0x20 CMakeFiles/mainproject.elf.dir/main.cpp.obj
                0x20000094                Barometer
 .bss.Timer     0x200000b4       0x1c CMakeFiles/mainproject.elf.dir/main.cpp.obj
                0x200000b4                Timer
 .bss.Alt1      0x200000d0        0x4 CMakeFiles/mainproject.elf.dir/main.cpp.obj
                0x200000d0                Alt1
 .bss.Alt2      0x200000d4        0x4 CMakeFiles/mainproject.elf.dir/main.cpp.obj
                0x200000d4                Alt2
 *(COMMON)
 COMMON         0x200000d8        0x4 c:/program files (x86)/gnu tools arm embedded/5.4 2016q2/bin/../lib/gcc/arm-none-eabi/5.4.1/../../../../arm-none-eabi/lib/armv6-m\libc_nano.a(lib_a-reent.o)
                0x200000d8                errno
                0x200000e0                . = ALIGN (0x8)
 *fill*         0x200000dc        0x4 
 *(.ram.b)
                0x200000e0                . = ALIGN (0x4)
                0x200000e0                __bss_end__ = .
                0x200000e0                _ebss = .
                0x200000e0                __end = .
                0x200000e0                _end = .
                [!provide]                PROVIDE (end, .)

._usrstack      0x200000e0       0x98 load address 0x08004778
                0x200000e0                . = ALIGN (0x4)
                0x200000e0                _susrstack = .
                0x20000176                . = (. + _Minimum_Stack_Size)
 *fill*         0x200000e0       0x96 
                0x20000178                . = ALIGN (0x4)
 *fill*         0x20000176        0x2 
                0x20000178                _eusrstack = .

.stab
 *(.stab)

.stabstr
 *(.stabstr)

.stab.excl
 *(.stab.excl)

.stab.exclstr
 *(.stab.exclstr)

.stab.index
 *(.stab.index)

.stab.indexstr
 *(.stab.indexstr)

.comment        0x00000000       0x6e
 *(.comment)
 .comment       0x00000000       0x6e CMakeFiles/mainproject.elf.dir/main.cpp.obj
                                 0x6f (size before relaxing)
 .comment       0x0000006e       0x6f CMakeFiles/mainproject.elf.dir/counter.cpp.obj
 .comment       0x0000006e       0x6f CMakeFiles/mainproject.elf.dir/C_/Users/Jamie/Documents/GitHub/kookaburra/Try-out/LED/gemeenschappelijk/basis/stm32f0/syscalls_cm0.c.obj
 .comment       0x0000006e       0x6f CMakeFiles/mainproject.elf.dir/usart.cpp.obj
 .comment       0x0000006e       0x6f CMakeFiles/mainproject.elf.dir/MS5611.cpp.obj
 .comment       0x0000006e       0x6f F0DiscoveryDir/libSTM32F0DiscoveryLib.a(stm32f0_discovery.c.obj)
 .comment       0x0000006e       0x6f STM32CMSIS/libCMSISFIRMWARE.a(system_stm32f0xx.c.obj)
 .comment       0x0000006e       0x6f STM32_StdPeriph_Driver/libF0StdPerifDriver.a(stm32f0xx_exti.c.obj)
 .comment       0x0000006e       0x6f STM32_StdPeriph_Driver/libF0StdPerifDriver.a(stm32f0xx_gpio.c.obj)
 .comment       0x0000006e       0x6f STM32_StdPeriph_Driver/libF0StdPerifDriver.a(stm32f0xx_i2c.c.obj)
 .comment       0x0000006e       0x6f STM32_StdPeriph_Driver/libF0StdPerifDriver.a(stm32f0xx_misc.c.obj)
 .comment       0x0000006e       0x6f STM32_StdPeriph_Driver/libF0StdPerifDriver.a(stm32f0xx_rcc.c.obj)
 .comment       0x0000006e       0x6f STM32_StdPeriph_Driver/libF0StdPerifDriver.a(stm32f0xx_syscfg.c.obj)
 .comment       0x0000006e       0x6f STM32_StdPeriph_Driver/libF0StdPerifDriver.a(stm32f0xx_tim.c.obj)
 .comment       0x0000006e       0x6f STM32_StdPeriph_Driver/libF0StdPerifDriver.a(stm32f0xx_usart.c.obj)

.debug
 *(.debug)

.line
 *(.line)

.debug_srcinfo
 *(.debug_srcinfo)

.debug_sfnames
 *(.debug_sfnames)

.debug_aranges  0x00000000      0x2b8
 *(.debug_aranges)
 .debug_aranges
                0x00000000       0x50 CMakeFiles/mainproject.elf.dir/main.cpp.obj
 .debug_aranges
                0x00000050       0x68 CMakeFiles/mainproject.elf.dir/counter.cpp.obj
 .debug_aranges
                0x000000b8       0x78 CMakeFiles/mainproject.elf.dir/C_/Users/Jamie/Documents/GitHub/kookaburra/Try-out/LED/gemeenschappelijk/basis/stm32f0/syscalls_cm0.c.obj
 .debug_aranges
                0x00000130       0x50 CMakeFiles/mainproject.elf.dir/usart.cpp.obj
 .debug_aranges
                0x00000180       0xa0 CMakeFiles/mainproject.elf.dir/MS5611.cpp.obj
 .debug_aranges
                0x00000220       0x48 F0DiscoveryDir/libSTM32F0DiscoveryLib.a(stm32f0_discovery.c.obj)
 .debug_aranges
                0x00000268       0x28 STM32CMSIS/libCMSISFIRMWARE.a(system_stm32f0xx.c.obj)
 .debug_aranges
                0x00000290       0x28 STM32CMSIS/libCMSISFIRMWARE.a(startup_stm32f0xx.s.obj)

.debug_pubnames
 *(.debug_pubnames)

.debug_info     0x00000000     0xab2e
 *(.debug_info .gnu.linkonce.wi.*)
 .debug_info    0x00000000     0x4973 CMakeFiles/mainproject.elf.dir/main.cpp.obj
 .debug_info    0x00004973      0x917 CMakeFiles/mainproject.elf.dir/counter.cpp.obj
 .debug_info    0x0000528a      0xd6c CMakeFiles/mainproject.elf.dir/C_/Users/Jamie/Documents/GitHub/kookaburra/Try-out/LED/gemeenschappelijk/basis/stm32f0/syscalls_cm0.c.obj
 .debug_info    0x00005ff6     0x1790 CMakeFiles/mainproject.elf.dir/usart.cpp.obj
 .debug_info    0x00007786     0x2736 CMakeFiles/mainproject.elf.dir/MS5611.cpp.obj
 .debug_info    0x00009ebc      0x7df F0DiscoveryDir/libSTM32F0DiscoveryLib.a(stm32f0_discovery.c.obj)
 .debug_info    0x0000a69b      0x379 STM32CMSIS/libCMSISFIRMWARE.a(system_stm32f0xx.c.obj)
 .debug_info    0x0000aa14      0x11a STM32CMSIS/libCMSISFIRMWARE.a(startup_stm32f0xx.s.obj)

.debug_abbrev   0x00000000     0x175f
 *(.debug_abbrev)
 .debug_abbrev  0x00000000      0x6fe CMakeFiles/mainproject.elf.dir/main.cpp.obj
 .debug_abbrev  0x000006fe      0x247 CMakeFiles/mainproject.elf.dir/counter.cpp.obj
 .debug_abbrev  0x00000945      0x28f CMakeFiles/mainproject.elf.dir/C_/Users/Jamie/Documents/GitHub/kookaburra/Try-out/LED/gemeenschappelijk/basis/stm32f0/syscalls_cm0.c.obj
 .debug_abbrev  0x00000bd4      0x3c7 CMakeFiles/mainproject.elf.dir/usart.cpp.obj
 .debug_abbrev  0x00000f9b      0x4cf CMakeFiles/mainproject.elf.dir/MS5611.cpp.obj
 .debug_abbrev  0x0000146a      0x19e F0DiscoveryDir/libSTM32F0DiscoveryLib.a(stm32f0_discovery.c.obj)
 .debug_abbrev  0x00001608      0x145 STM32CMSIS/libCMSISFIRMWARE.a(system_stm32f0xx.c.obj)
 .debug_abbrev  0x0000174d       0x12 STM32CMSIS/libCMSISFIRMWARE.a(startup_stm32f0xx.s.obj)

.debug_line     0x00000000     0x214e
 *(.debug_line)
 .debug_line    0x00000000      0x76b CMakeFiles/mainproject.elf.dir/main.cpp.obj
 .debug_line    0x0000076b      0x391 CMakeFiles/mainproject.elf.dir/counter.cpp.obj
 .debug_line    0x00000afc      0x39d CMakeFiles/mainproject.elf.dir/C_/Users/Jamie/Documents/GitHub/kookaburra/Try-out/LED/gemeenschappelijk/basis/stm32f0/syscalls_cm0.c.obj
 .debug_line    0x00000e99      0x4e8 CMakeFiles/mainproject.elf.dir/usart.cpp.obj
 .debug_line    0x00001381      0x759 CMakeFiles/mainproject.elf.dir/MS5611.cpp.obj
 .debug_line    0x00001ada      0x334 F0DiscoveryDir/libSTM32F0DiscoveryLib.a(stm32f0_discovery.c.obj)
 .debug_line    0x00001e0e      0x24c STM32CMSIS/libCMSISFIRMWARE.a(system_stm32f0xx.c.obj)
 .debug_line    0x0000205a       0xf4 STM32CMSIS/libCMSISFIRMWARE.a(startup_stm32f0xx.s.obj)

.debug_frame    0x00000000     0x11f4
 *(.debug_frame)
 .debug_frame   0x00000000       0xb8 CMakeFiles/mainproject.elf.dir/main.cpp.obj
 .debug_frame   0x000000b8       0xe0 CMakeFiles/mainproject.elf.dir/counter.cpp.obj
 .debug_frame   0x00000198       0xd8 CMakeFiles/mainproject.elf.dir/C_/Users/Jamie/Documents/GitHub/kookaburra/Try-out/LED/gemeenschappelijk/basis/stm32f0/syscalls_cm0.c.obj
 .debug_frame   0x00000270       0xcc CMakeFiles/mainproject.elf.dir/usart.cpp.obj
 .debug_frame   0x0000033c      0x1f0 CMakeFiles/mainproject.elf.dir/MS5611.cpp.obj
 .debug_frame   0x0000052c       0x98 F0DiscoveryDir/libSTM32F0DiscoveryLib.a(stm32f0_discovery.c.obj)
 .debug_frame   0x000005c4       0x48 STM32CMSIS/libCMSISFIRMWARE.a(system_stm32f0xx.c.obj)
 .debug_frame   0x0000060c       0x38 c:/program files (x86)/gnu tools arm embedded/5.4 2016q2/bin/../lib/gcc/arm-none-eabi/5.4.1/../../../../arm-none-eabi/lib/armv6-m\libm.a(lib_a-w_log.o)
 .debug_frame   0x00000644       0x3c c:/program files (x86)/gnu tools arm embedded/5.4 2016q2/bin/../lib/gcc/arm-none-eabi/5.4.1/../../../../arm-none-eabi/lib/armv6-m\libm.a(lib_a-e_log.o)
 .debug_frame   0x00000680       0x20 c:/program files (x86)/gnu tools arm embedded/5.4 2016q2/bin/../lib/gcc/arm-none-eabi/5.4.1/../../../../arm-none-eabi/lib/armv6-m\libm.a(lib_a-s_matherr.o)
 .debug_frame   0x000006a0       0x20 c:/program files (x86)/gnu tools arm embedded/5.4 2016q2/bin/../lib/gcc/arm-none-eabi/5.4.1/../../../../arm-none-eabi/lib/armv6-m\libm.a(lib_a-s_nan.o)
 .debug_frame   0x000006c0       0x20 c:/program files (x86)/gnu tools arm embedded/5.4 2016q2/bin/../lib/gcc/arm-none-eabi/5.4.1/armv6-m\libgcc.a(_udivsi3.o)
 .debug_frame   0x000006e0       0x30 c:/program files (x86)/gnu tools arm embedded/5.4 2016q2/bin/../lib/gcc/arm-none-eabi/5.4.1/armv6-m\libgcc.a(addsf3.o)
 .debug_frame   0x00000710       0x3c c:/program files (x86)/gnu tools arm embedded/5.4 2016q2/bin/../lib/gcc/arm-none-eabi/5.4.1/armv6-m\libgcc.a(divsf3.o)
 .debug_frame   0x0000074c       0x2c c:/program files (x86)/gnu tools arm embedded/5.4 2016q2/bin/../lib/gcc/arm-none-eabi/5.4.1/armv6-m\libgcc.a(eqsf2.o)
 .debug_frame   0x00000778       0x30 c:/program files (x86)/gnu tools arm embedded/5.4 2016q2/bin/../lib/gcc/arm-none-eabi/5.4.1/armv6-m\libgcc.a(gesf2.o)
 .debug_frame   0x000007a8       0x30 c:/program files (x86)/gnu tools arm embedded/5.4 2016q2/bin/../lib/gcc/arm-none-eabi/5.4.1/armv6-m\libgcc.a(lesf2.o)
 .debug_frame   0x000007d8       0x38 c:/program files (x86)/gnu tools arm embedded/5.4 2016q2/bin/../lib/gcc/arm-none-eabi/5.4.1/armv6-m\libgcc.a(mulsf3.o)
 .debug_frame   0x00000810       0x30 c:/program files (x86)/gnu tools arm embedded/5.4 2016q2/bin/../lib/gcc/arm-none-eabi/5.4.1/armv6-m\libgcc.a(subsf3.o)
 .debug_frame   0x00000840       0x20 c:/program files (x86)/gnu tools arm embedded/5.4 2016q2/bin/../lib/gcc/arm-none-eabi/5.4.1/armv6-m\libgcc.a(fixsfsi.o)
 .debug_frame   0x00000860       0x2c c:/program files (x86)/gnu tools arm embedded/5.4 2016q2/bin/../lib/gcc/arm-none-eabi/5.4.1/armv6-m\libgcc.a(floatsisf.o)
 .debug_frame   0x0000088c       0x2c c:/program files (x86)/gnu tools arm embedded/5.4 2016q2/bin/../lib/gcc/arm-none-eabi/5.4.1/armv6-m\libgcc.a(floatunsisf.o)
 .debug_frame   0x000008b8       0x3c c:/program files (x86)/gnu tools arm embedded/5.4 2016q2/bin/../lib/gcc/arm-none-eabi/5.4.1/armv6-m\libgcc.a(adddf3.o)
 .debug_frame   0x000008f4       0x3c c:/program files (x86)/gnu tools arm embedded/5.4 2016q2/bin/../lib/gcc/arm-none-eabi/5.4.1/armv6-m\libgcc.a(divdf3.o)
 .debug_frame   0x00000930       0x38 c:/program files (x86)/gnu tools arm embedded/5.4 2016q2/bin/../lib/gcc/arm-none-eabi/5.4.1/armv6-m\libgcc.a(eqdf2.o)
 .debug_frame   0x00000968       0x38 c:/program files (x86)/gnu tools arm embedded/5.4 2016q2/bin/../lib/gcc/arm-none-eabi/5.4.1/armv6-m\libgcc.a(gedf2.o)
 .debug_frame   0x000009a0       0x38 c:/program files (x86)/gnu tools arm embedded/5.4 2016q2/bin/../lib/gcc/arm-none-eabi/5.4.1/armv6-m\libgcc.a(ledf2.o)
 .debug_frame   0x000009d8       0x3c c:/program files (x86)/gnu tools arm embedded/5.4 2016q2/bin/../lib/gcc/arm-none-eabi/5.4.1/armv6-m\libgcc.a(muldf3.o)
 .debug_frame   0x00000a14       0x38 c:/program files (x86)/gnu tools arm embedded/5.4 2016q2/bin/../lib/gcc/arm-none-eabi/5.4.1/armv6-m\libgcc.a(subdf3.o)
 .debug_frame   0x00000a4c       0x2c c:/program files (x86)/gnu tools arm embedded/5.4 2016q2/bin/../lib/gcc/arm-none-eabi/5.4.1/armv6-m\libgcc.a(unorddf2.o)
 .debug_frame   0x00000a78       0x2c c:/program files (x86)/gnu tools arm embedded/5.4 2016q2/bin/../lib/gcc/arm-none-eabi/5.4.1/armv6-m\libgcc.a(floatsidf.o)
 .debug_frame   0x00000aa4       0x2c c:/program files (x86)/gnu tools arm embedded/5.4 2016q2/bin/../lib/gcc/arm-none-eabi/5.4.1/armv6-m\libgcc.a(extendsfdf2.o)
 .debug_frame   0x00000ad0       0x2c c:/program files (x86)/gnu tools arm embedded/5.4 2016q2/bin/../lib/gcc/arm-none-eabi/5.4.1/armv6-m\libgcc.a(truncdfsf2.o)
 .debug_frame   0x00000afc      0x2c4 c:/program files (x86)/gnu tools arm embedded/5.4 2016q2/bin/../lib/gcc/arm-none-eabi/5.4.1/armv6-m\libgcc.a(unwind-arm.o)
 .debug_frame   0x00000dc0       0xf4 c:/program files (x86)/gnu tools arm embedded/5.4 2016q2/bin/../lib/gcc/arm-none-eabi/5.4.1/armv6-m\libgcc.a(pr-support.o)
 .debug_frame   0x00000eb4       0x28 c:/program files (x86)/gnu tools arm embedded/5.4 2016q2/bin/../lib/gcc/arm-none-eabi/5.4.1/../../../../arm-none-eabi/lib/armv6-m\libc_nano.a(lib_a-abort.o)
 .debug_frame   0x00000edc       0x20 c:/program files (x86)/gnu tools arm embedded/5.4 2016q2/bin/../lib/gcc/arm-none-eabi/5.4.1/../../../../arm-none-eabi/lib/armv6-m\libc_nano.a(lib_a-errno.o)
 .debug_frame   0x00000efc       0x40 c:/program files (x86)/gnu tools arm embedded/5.4 2016q2/bin/../lib/gcc/arm-none-eabi/5.4.1/../../../../arm-none-eabi/lib/armv6-m\libc_nano.a(lib_a-itoa.o)
 .debug_frame   0x00000f3c       0x28 c:/program files (x86)/gnu tools arm embedded/5.4 2016q2/bin/../lib/gcc/arm-none-eabi/5.4.1/../../../../arm-none-eabi/lib/armv6-m\libc_nano.a(lib_a-memcpy-stub.o)
 .debug_frame   0x00000f64       0x48 c:/program files (x86)/gnu tools arm embedded/5.4 2016q2/bin/../lib/gcc/arm-none-eabi/5.4.1/../../../../arm-none-eabi/lib/armv6-m\libc_nano.a(lib_a-reent.o)
 .debug_frame   0x00000fac       0xe0 c:/program files (x86)/gnu tools arm embedded/5.4 2016q2/bin/../lib/gcc/arm-none-eabi/5.4.1/../../../../arm-none-eabi/lib/armv6-m\libc_nano.a(lib_a-signal.o)
 .debug_frame   0x0000108c       0x44 c:/program files (x86)/gnu tools arm embedded/5.4 2016q2/bin/../lib/gcc/arm-none-eabi/5.4.1/../../../../arm-none-eabi/lib/armv6-m\libc_nano.a(lib_a-signalr.o)
 .debug_frame   0x000010d0       0x28 c:/program files (x86)/gnu tools arm embedded/5.4 2016q2/bin/../lib/gcc/arm-none-eabi/5.4.1/../../../../arm-none-eabi/lib/armv6-m\libc_nano.a(lib_a-sysisatty.o)
 .debug_frame   0x000010f8       0x48 c:/program files (x86)/gnu tools arm embedded/5.4 2016q2/bin/../lib/gcc/arm-none-eabi/5.4.1/../../../../arm-none-eabi/lib/armv6-m\libc_nano.a(lib_a-utoa.o)
 .debug_frame   0x00001140       0x2c c:/program files (x86)/gnu tools arm embedded/5.4 2016q2/bin/../lib/gcc/arm-none-eabi/5.4.1/../../../../arm-none-eabi/lib/armv6-m\libc_nano.a(lib_a-nano-freer.o)
 .debug_frame   0x0000116c       0x2c c:/program files (x86)/gnu tools arm embedded/5.4 2016q2/bin/../lib/gcc/arm-none-eabi/5.4.1/../../../../arm-none-eabi/lib/armv6-m\libc_nano.a(lib_a-nano-mallocr.o)
 .debug_frame   0x00001198       0x2c c:/program files (x86)/gnu tools arm embedded/5.4 2016q2/bin/../lib/gcc/arm-none-eabi/5.4.1/../../../../arm-none-eabi/lib/armv6-m\libc_nano.a(lib_a-sbrkr.o)
 .debug_frame   0x000011c4       0x30 c:/program files (x86)/gnu tools arm embedded/5.4 2016q2/bin/../lib/gcc/arm-none-eabi/5.4.1/../../../../arm-none-eabi/lib/armv6-m\libc_nano.a(lib_a-mlock.o)

.debug_str      0x00000000     0x61f2
 *(.debug_str)
 .debug_str     0x00000000     0x539c CMakeFiles/mainproject.elf.dir/main.cpp.obj
                               0x57bc (size before relaxing)
 .debug_str     0x0000539c      0x1d7 CMakeFiles/mainproject.elf.dir/counter.cpp.obj
                                0x7ef (size before relaxing)
 .debug_str     0x00005573      0x2bc CMakeFiles/mainproject.elf.dir/C_/Users/Jamie/Documents/GitHub/kookaburra/Try-out/LED/gemeenschappelijk/basis/stm32f0/syscalls_cm0.c.obj
                                0x7e5 (size before relaxing)
 .debug_str     0x0000582f      0x3cc CMakeFiles/mainproject.elf.dir/usart.cpp.obj
                                0xe06 (size before relaxing)
 .debug_str     0x00005bfb      0x218 CMakeFiles/mainproject.elf.dir/MS5611.cpp.obj
                               0x14cd (size before relaxing)
 .debug_str     0x00005e13      0x2b4 F0DiscoveryDir/libSTM32F0DiscoveryLib.a(stm32f0_discovery.c.obj)
                                0x82f (size before relaxing)
 .debug_str     0x000060c7      0x12b STM32CMSIS/libCMSISFIRMWARE.a(system_stm32f0xx.c.obj)
                                0x3b9 (size before relaxing)

.debug_loc      0x00000000      0xd64
 *(.debug_loc)
 .debug_loc     0x00000000      0x1cc CMakeFiles/mainproject.elf.dir/main.cpp.obj
 .debug_loc     0x000001cc      0x157 CMakeFiles/mainproject.elf.dir/counter.cpp.obj
 .debug_loc     0x00000323      0x134 CMakeFiles/mainproject.elf.dir/C_/Users/Jamie/Documents/GitHub/kookaburra/Try-out/LED/gemeenschappelijk/basis/stm32f0/syscalls_cm0.c.obj
 .debug_loc     0x00000457      0x194 CMakeFiles/mainproject.elf.dir/usart.cpp.obj
 .debug_loc     0x000005eb      0x5b6 CMakeFiles/mainproject.elf.dir/MS5611.cpp.obj
 .debug_loc     0x00000ba1       0xe7 F0DiscoveryDir/libSTM32F0DiscoveryLib.a(stm32f0_discovery.c.obj)
 .debug_loc     0x00000c88       0xdc STM32CMSIS/libCMSISFIRMWARE.a(system_stm32f0xx.c.obj)

.debug_macinfo
 *(.debug_macinfo)

.debug_weaknames
 *(.debug_weaknames)

.debug_funcnames
 *(.debug_funcnames)

.debug_typenames
 *(.debug_typenames)

.debug_varnames
 *(.debug_varnames)

.debug_pubtypes
 *(.debug_pubtypes)

.debug_ranges   0x00000000      0x260
 *(.debug_ranges)
 .debug_ranges  0x00000000       0x40 CMakeFiles/mainproject.elf.dir/main.cpp.obj
 .debug_ranges  0x00000040       0x58 CMakeFiles/mainproject.elf.dir/counter.cpp.obj
 .debug_ranges  0x00000098       0x68 CMakeFiles/mainproject.elf.dir/C_/Users/Jamie/Documents/GitHub/kookaburra/Try-out/LED/gemeenschappelijk/basis/stm32f0/syscalls_cm0.c.obj
 .debug_ranges  0x00000100       0x40 CMakeFiles/mainproject.elf.dir/usart.cpp.obj
 .debug_ranges  0x00000140       0x90 CMakeFiles/mainproject.elf.dir/MS5611.cpp.obj
 .debug_ranges  0x000001d0       0x38 F0DiscoveryDir/libSTM32F0DiscoveryLib.a(stm32f0_discovery.c.obj)
 .debug_ranges  0x00000208       0x38 STM32CMSIS/libCMSISFIRMWARE.a(system_stm32f0xx.c.obj)
 .debug_ranges  0x00000240       0x20 STM32CMSIS/libCMSISFIRMWARE.a(startup_stm32f0xx.s.obj)

.ARM.attributes
                0x00000000       0x2f
 *(.ARM.attributes)
 .ARM.attributes
                0x00000000       0x31 CMakeFiles/mainproject.elf.dir/main.cpp.obj
 .ARM.attributes
                0x00000031       0x31 CMakeFiles/mainproject.elf.dir/counter.cpp.obj
 .ARM.attributes
                0x00000062       0x31 CMakeFiles/mainproject.elf.dir/C_/Users/Jamie/Documents/GitHub/kookaburra/Try-out/LED/gemeenschappelijk/basis/stm32f0/syscalls_cm0.c.obj
 .ARM.attributes
                0x00000093       0x31 CMakeFiles/mainproject.elf.dir/usart.cpp.obj
 .ARM.attributes
                0x000000c4       0x31 CMakeFiles/mainproject.elf.dir/MS5611.cpp.obj
 .ARM.attributes
                0x000000f5       0x31 F0DiscoveryDir/libSTM32F0DiscoveryLib.a(stm32f0_discovery.c.obj)
 .ARM.attributes
                0x00000126       0x31 STM32CMSIS/libCMSISFIRMWARE.a(system_stm32f0xx.c.obj)
 .ARM.attributes
                0x00000157       0x21 STM32CMSIS/libCMSISFIRMWARE.a(startup_stm32f0xx.s.obj)
 .ARM.attributes
                0x00000178       0x31 STM32_StdPeriph_Driver/libF0StdPerifDriver.a(stm32f0xx_exti.c.obj)
 .ARM.attributes
                0x000001a9       0x31 STM32_StdPeriph_Driver/libF0StdPerifDriver.a(stm32f0xx_gpio.c.obj)
 .ARM.attributes
                0x000001da       0x31 STM32_StdPeriph_Driver/libF0StdPerifDriver.a(stm32f0xx_i2c.c.obj)
 .ARM.attributes
                0x0000020b       0x31 STM32_StdPeriph_Driver/libF0StdPerifDriver.a(stm32f0xx_misc.c.obj)
 .ARM.attributes
                0x0000023c       0x31 STM32_StdPeriph_Driver/libF0StdPerifDriver.a(stm32f0xx_rcc.c.obj)
 .ARM.attributes
                0x0000026d       0x31 STM32_StdPeriph_Driver/libF0StdPerifDriver.a(stm32f0xx_syscfg.c.obj)
 .ARM.attributes
                0x0000029e       0x31 STM32_StdPeriph_Driver/libF0StdPerifDriver.a(stm32f0xx_tim.c.obj)
 .ARM.attributes
                0x000002cf       0x31 STM32_StdPeriph_Driver/libF0StdPerifDriver.a(stm32f0xx_usart.c.obj)
 .ARM.attributes
                0x00000300       0x2c c:/program files (x86)/gnu tools arm embedded/5.4 2016q2/bin/../lib/gcc/arm-none-eabi/5.4.1/../../../../arm-none-eabi/lib/armv6-m\libm.a(lib_a-w_log.o)
 .ARM.attributes
                0x0000032c       0x2c c:/program files (x86)/gnu tools arm embedded/5.4 2016q2/bin/../lib/gcc/arm-none-eabi/5.4.1/../../../../arm-none-eabi/lib/armv6-m\libm.a(lib_a-e_log.o)
 .ARM.attributes
                0x00000358       0x2c c:/program files (x86)/gnu tools arm embedded/5.4 2016q2/bin/../lib/gcc/arm-none-eabi/5.4.1/../../../../arm-none-eabi/lib/armv6-m\libm.a(lib_a-s_lib_ver.o)
 .ARM.attributes
                0x00000384       0x2c c:/program files (x86)/gnu tools arm embedded/5.4 2016q2/bin/../lib/gcc/arm-none-eabi/5.4.1/../../../../arm-none-eabi/lib/armv6-m\libm.a(lib_a-s_matherr.o)
 .ARM.attributes
                0x000003b0       0x2c c:/program files (x86)/gnu tools arm embedded/5.4 2016q2/bin/../lib/gcc/arm-none-eabi/5.4.1/../../../../arm-none-eabi/lib/armv6-m\libm.a(lib_a-s_nan.o)
 .ARM.attributes
                0x000003dc       0x1e c:/program files (x86)/gnu tools arm embedded/5.4 2016q2/bin/../lib/gcc/arm-none-eabi/5.4.1/armv6-m\libgcc.a(_udivsi3.o)
 .ARM.attributes
                0x000003fa       0x1e c:/program files (x86)/gnu tools arm embedded/5.4 2016q2/bin/../lib/gcc/arm-none-eabi/5.4.1/armv6-m\libgcc.a(_dvmd_tls.o)
 .ARM.attributes
                0x00000418       0x1e c:/program files (x86)/gnu tools arm embedded/5.4 2016q2/bin/../lib/gcc/arm-none-eabi/5.4.1/armv6-m\libgcc.a(_arm_cmpdf2.o)
 .ARM.attributes
                0x00000436       0x1e c:/program files (x86)/gnu tools arm embedded/5.4 2016q2/bin/../lib/gcc/arm-none-eabi/5.4.1/armv6-m\libgcc.a(_arm_cmpsf2.o)
 .ARM.attributes
                0x00000454       0x2c c:/program files (x86)/gnu tools arm embedded/5.4 2016q2/bin/../lib/gcc/arm-none-eabi/5.4.1/armv6-m\libgcc.a(addsf3.o)
 .ARM.attributes
                0x00000480       0x2c c:/program files (x86)/gnu tools arm embedded/5.4 2016q2/bin/../lib/gcc/arm-none-eabi/5.4.1/armv6-m\libgcc.a(divsf3.o)
 .ARM.attributes
                0x000004ac       0x2c c:/program files (x86)/gnu tools arm embedded/5.4 2016q2/bin/../lib/gcc/arm-none-eabi/5.4.1/armv6-m\libgcc.a(eqsf2.o)
 .ARM.attributes
                0x000004d8       0x2c c:/program files (x86)/gnu tools arm embedded/5.4 2016q2/bin/../lib/gcc/arm-none-eabi/5.4.1/armv6-m\libgcc.a(gesf2.o)
 .ARM.attributes
                0x00000504       0x2c c:/program files (x86)/gnu tools arm embedded/5.4 2016q2/bin/../lib/gcc/arm-none-eabi/5.4.1/armv6-m\libgcc.a(lesf2.o)
 .ARM.attributes
                0x00000530       0x2c c:/program files (x86)/gnu tools arm embedded/5.4 2016q2/bin/../lib/gcc/arm-none-eabi/5.4.1/armv6-m\libgcc.a(mulsf3.o)
 .ARM.attributes
                0x0000055c       0x2c c:/program files (x86)/gnu tools arm embedded/5.4 2016q2/bin/../lib/gcc/arm-none-eabi/5.4.1/armv6-m\libgcc.a(subsf3.o)
 .ARM.attributes
                0x00000588       0x2c c:/program files (x86)/gnu tools arm embedded/5.4 2016q2/bin/../lib/gcc/arm-none-eabi/5.4.1/armv6-m\libgcc.a(fixsfsi.o)
 .ARM.attributes
                0x000005b4       0x2c c:/program files (x86)/gnu tools arm embedded/5.4 2016q2/bin/../lib/gcc/arm-none-eabi/5.4.1/armv6-m\libgcc.a(floatsisf.o)
 .ARM.attributes
                0x000005e0       0x2c c:/program files (x86)/gnu tools arm embedded/5.4 2016q2/bin/../lib/gcc/arm-none-eabi/5.4.1/armv6-m\libgcc.a(floatunsisf.o)
 .ARM.attributes
                0x0000060c       0x2c c:/program files (x86)/gnu tools arm embedded/5.4 2016q2/bin/../lib/gcc/arm-none-eabi/5.4.1/armv6-m\libgcc.a(adddf3.o)
 .ARM.attributes
                0x00000638       0x2c c:/program files (x86)/gnu tools arm embedded/5.4 2016q2/bin/../lib/gcc/arm-none-eabi/5.4.1/armv6-m\libgcc.a(divdf3.o)
 .ARM.attributes
                0x00000664       0x2c c:/program files (x86)/gnu tools arm embedded/5.4 2016q2/bin/../lib/gcc/arm-none-eabi/5.4.1/armv6-m\libgcc.a(eqdf2.o)
 .ARM.attributes
                0x00000690       0x2c c:/program files (x86)/gnu tools arm embedded/5.4 2016q2/bin/../lib/gcc/arm-none-eabi/5.4.1/armv6-m\libgcc.a(gedf2.o)
 .ARM.attributes
                0x000006bc       0x2c c:/program files (x86)/gnu tools arm embedded/5.4 2016q2/bin/../lib/gcc/arm-none-eabi/5.4.1/armv6-m\libgcc.a(ledf2.o)
 .ARM.attributes
                0x000006e8       0x2c c:/program files (x86)/gnu tools arm embedded/5.4 2016q2/bin/../lib/gcc/arm-none-eabi/5.4.1/armv6-m\libgcc.a(muldf3.o)
 .ARM.attributes
                0x00000714       0x2c c:/program files (x86)/gnu tools arm embedded/5.4 2016q2/bin/../lib/gcc/arm-none-eabi/5.4.1/armv6-m\libgcc.a(subdf3.o)
 .ARM.attributes
                0x00000740       0x2c c:/program files (x86)/gnu tools arm embedded/5.4 2016q2/bin/../lib/gcc/arm-none-eabi/5.4.1/armv6-m\libgcc.a(unorddf2.o)
 .ARM.attributes
                0x0000076c       0x2c c:/program files (x86)/gnu tools arm embedded/5.4 2016q2/bin/../lib/gcc/arm-none-eabi/5.4.1/armv6-m\libgcc.a(floatsidf.o)
 .ARM.attributes
                0x00000798       0x2c c:/program files (x86)/gnu tools arm embedded/5.4 2016q2/bin/../lib/gcc/arm-none-eabi/5.4.1/armv6-m\libgcc.a(extendsfdf2.o)
 .ARM.attributes
                0x000007c4       0x2c c:/program files (x86)/gnu tools arm embedded/5.4 2016q2/bin/../lib/gcc/arm-none-eabi/5.4.1/armv6-m\libgcc.a(truncdfsf2.o)
 .ARM.attributes
                0x000007f0       0x2c c:/program files (x86)/gnu tools arm embedded/5.4 2016q2/bin/../lib/gcc/arm-none-eabi/5.4.1/armv6-m\libgcc.a(unwind-arm.o)
 .ARM.attributes
                0x0000081c       0x1e c:/program files (x86)/gnu tools arm embedded/5.4 2016q2/bin/../lib/gcc/arm-none-eabi/5.4.1/armv6-m\libgcc.a(libunwind.o)
 .ARM.attributes
                0x0000083a       0x2c c:/program files (x86)/gnu tools arm embedded/5.4 2016q2/bin/../lib/gcc/arm-none-eabi/5.4.1/armv6-m\libgcc.a(pr-support.o)
 .ARM.attributes
                0x00000866       0x1e c:/program files (x86)/gnu tools arm embedded/5.4 2016q2/bin/../lib/gcc/arm-none-eabi/5.4.1/armv6-m\libgcc.a(_clzsi2.o)
 .ARM.attributes
                0x00000884       0x2c c:/program files (x86)/gnu tools arm embedded/5.4 2016q2/bin/../lib/gcc/arm-none-eabi/5.4.1/../../../../arm-none-eabi/lib/armv6-m\libc_nano.a(lib_a-abort.o)
 .ARM.attributes
                0x000008b0       0x2c c:/program files (x86)/gnu tools arm embedded/5.4 2016q2/bin/../lib/gcc/arm-none-eabi/5.4.1/../../../../arm-none-eabi/lib/armv6-m\libc_nano.a(lib_a-errno.o)
 .ARM.attributes
                0x000008dc       0x2c c:/program files (x86)/gnu tools arm embedded/5.4 2016q2/bin/../lib/gcc/arm-none-eabi/5.4.1/../../../../arm-none-eabi/lib/armv6-m\libc_nano.a(lib_a-impure.o)
 .ARM.attributes
                0x00000908       0x2c c:/program files (x86)/gnu tools arm embedded/5.4 2016q2/bin/../lib/gcc/arm-none-eabi/5.4.1/../../../../arm-none-eabi/lib/armv6-m\libc_nano.a(lib_a-itoa.o)
 .ARM.attributes
                0x00000934       0x2c c:/program files (x86)/gnu tools arm embedded/5.4 2016q2/bin/../lib/gcc/arm-none-eabi/5.4.1/../../../../arm-none-eabi/lib/armv6-m\libc_nano.a(lib_a-memcpy-stub.o)
 .ARM.attributes
                0x00000960       0x2c c:/program files (x86)/gnu tools arm embedded/5.4 2016q2/bin/../lib/gcc/arm-none-eabi/5.4.1/../../../../arm-none-eabi/lib/armv6-m\libc_nano.a(lib_a-reent.o)
 .ARM.attributes
                0x0000098c       0x2c c:/program files (x86)/gnu tools arm embedded/5.4 2016q2/bin/../lib/gcc/arm-none-eabi/5.4.1/../../../../arm-none-eabi/lib/armv6-m\libc_nano.a(lib_a-signal.o)
 .ARM.attributes
                0x000009b8       0x2c c:/program files (x86)/gnu tools arm embedded/5.4 2016q2/bin/../lib/gcc/arm-none-eabi/5.4.1/../../../../arm-none-eabi/lib/armv6-m\libc_nano.a(lib_a-signalr.o)
 .ARM.attributes
                0x000009e4       0x2c c:/program files (x86)/gnu tools arm embedded/5.4 2016q2/bin/../lib/gcc/arm-none-eabi/5.4.1/../../../../arm-none-eabi/lib/armv6-m\libc_nano.a(lib_a-sysisatty.o)
 .ARM.attributes
                0x00000a10       0x2c c:/program files (x86)/gnu tools arm embedded/5.4 2016q2/bin/../lib/gcc/arm-none-eabi/5.4.1/../../../../arm-none-eabi/lib/armv6-m\libc_nano.a(lib_a-utoa.o)
 .ARM.attributes
                0x00000a3c       0x2c c:/program files (x86)/gnu tools arm embedded/5.4 2016q2/bin/../lib/gcc/arm-none-eabi/5.4.1/../../../../arm-none-eabi/lib/armv6-m\libc_nano.a(lib_a-nano-freer.o)
 .ARM.attributes
                0x00000a68       0x2c c:/program files (x86)/gnu tools arm embedded/5.4 2016q2/bin/../lib/gcc/arm-none-eabi/5.4.1/../../../../arm-none-eabi/lib/armv6-m\libc_nano.a(lib_a-nano-mallocr.o)
 .ARM.attributes
                0x00000a94       0x2c c:/program files (x86)/gnu tools arm embedded/5.4 2016q2/bin/../lib/gcc/arm-none-eabi/5.4.1/../../../../arm-none-eabi/lib/armv6-m\libc_nano.a(lib_a-sbrkr.o)
 .ARM.attributes
                0x00000ac0       0x2c c:/program files (x86)/gnu tools arm embedded/5.4 2016q2/bin/../lib/gcc/arm-none-eabi/5.4.1/../../../../arm-none-eabi/lib/armv6-m\libc_nano.a(lib_a-mlock.o)
 *(.gnu.attributes)

.note.gnu.arm.ident
 *(.note.gnu.arm.ident)

/DISCARD/
 *(.note.GNU-stack)
 *(.gnu_debuglink)
                0x00000400                __Stack_Size = 0x400
                [!provide]                PROVIDE (_Stack_Size, __Stack_Size)
                0x20001c00                __Stack_Init = (_estack - __Stack_Size)
                [!provide]                PROVIDE (_Stack_Init, __Stack_Init)
OUTPUT(..\CLionBuildOutput\Debug\mainproject.elf.exe elf32-littlearm)
